Archive member included because of file (symbol)

/opt/devkitPro/libnds/lib/libdswifi9.a(sgIP_Hub.o)
                              WiFi_minilib.o (htons)
/opt/devkitPro/libnds/lib/libdswifi9.a(sgIP_memblock.o)
                              /opt/devkitPro/libnds/lib/libdswifi9.a(sgIP_Hub.o) (sgIP_memblock_exposeheader)
/opt/devkitPro/libnds/lib/libdswifi9.a(sgIP_sockets.o)
                              WiFi_minilib.o (ioctl)
/opt/devkitPro/libnds/lib/libdswifi9.a(wifi_arm9.o)
                              /opt/devkitPro/libnds/lib/libdswifi9.a(sgIP_memblock.o) (sgIP_DisableInterrupts)
/opt/devkitPro/libnds/lib/libdswifi9.a(spinlock.o)
                              /opt/devkitPro/libnds/lib/libdswifi9.a(wifi_arm9.o) (SLasm_Acquire)
/opt/devkitPro/libnds/lib/libdswifi9.a(sgIP.o)
                              /opt/devkitPro/libnds/lib/libdswifi9.a(wifi_arm9.o) (sgIP_Timer)
/opt/devkitPro/libnds/lib/libdswifi9.a(sgIP_ARP.o)
                              /opt/devkitPro/libnds/lib/libdswifi9.a(sgIP.o) (sgIP_ARP_Init)
/opt/devkitPro/libnds/lib/libdswifi9.a(sgIP_DHCP.o)
                              /opt/devkitPro/libnds/lib/libdswifi9.a(wifi_arm9.o) (gethostname)
/opt/devkitPro/libnds/lib/libdswifi9.a(sgIP_DNS.o)
                              /opt/devkitPro/libnds/lib/libdswifi9.a(sgIP.o) (sgIP_DNS_Init)
/opt/devkitPro/libnds/lib/libdswifi9.a(sgIP_IP.o)
                              /opt/devkitPro/libnds/lib/libdswifi9.a(sgIP.o) (sgIP_IP_ReceivePacket)
/opt/devkitPro/libnds/lib/libdswifi9.a(sgIP_TCP.o)
                              /opt/devkitPro/libnds/lib/libdswifi9.a(sgIP.o) (sgIP_TCP_Init)
/opt/devkitPro/libnds/lib/libdswifi9.a(sgIP_UDP.o)
                              /opt/devkitPro/libnds/lib/libdswifi9.a(sgIP.o) (sgIP_UDP_Init)
/opt/devkitPro/libnds/lib/libdswifi9.a(sgIP_ICMP.o)
                              /opt/devkitPro/libnds/lib/libdswifi9.a(sgIP_IP.o) (sgIP_ICMP_ReceivePacket)
/opt/devkitPro/libnds/lib/libfat.a(libfat.o)
                              main.o (fatInitDefault)
/opt/devkitPro/libnds/lib/libfat.a(partition.o)
                              /opt/devkitPro/libnds/lib/libfat.a(libfat.o) (_FAT_partition_destructor)
/opt/devkitPro/libnds/lib/libfat.a(cache.o)
                              /opt/devkitPro/libnds/lib/libfat.a(partition.o) (_FAT_cache_destructor)
/opt/devkitPro/libnds/lib/libfat.a(disc.o)
                              /opt/devkitPro/libnds/lib/libfat.a(libfat.o) (_FAT_disc_interfaces)
/opt/devkitPro/libnds/lib/libfat.a(fatdir.o)
                              /opt/devkitPro/libnds/lib/libfat.a(libfat.o) (_FAT_link_r)
/opt/devkitPro/libnds/lib/libfat.a(fatfile.o)
                              /opt/devkitPro/libnds/lib/libfat.a(libfat.o) (_FAT_ftruncate_r)
/opt/devkitPro/libnds/lib/libfat.a(file_allocation_table.o)
                              /opt/devkitPro/libnds/lib/libfat.a(fatfile.o) (_FAT_fat_nextCluster)
/opt/devkitPro/libnds/lib/libfat.a(filetime.o)
                              /opt/devkitPro/libnds/lib/libfat.a(fatdir.o) (_FAT_filetime_getDateFromRTC)
/opt/devkitPro/libnds/lib/libfat.a(directory.o)
                              /opt/devkitPro/libnds/lib/libfat.a(fatdir.o) (_FAT_directory_entryGetCluster)
/opt/devkitPro/libnds/lib/libnds9.a(console.o)
                              main.o (consoleDemoInit)
/opt/devkitPro/libnds/lib/libnds9.a(initSystem.o)
                              /opt/devkitPro/devkitARM/lib/gcc/arm-eabi/4.3.3/../../../../arm-eabi/lib/thumb/ds_arm9_crt0.o (initSystem)
/opt/devkitPro/libnds/lib/libnds9.a(keys.o)
                              main.o (scanKeys)
/opt/devkitPro/libnds/lib/libnds9.a(sprite.o)
                              Graphics.o (oamMain)
/opt/devkitPro/libnds/lib/libnds9.a(sprite_alloc.o)
                              /opt/devkitPro/libnds/lib/libnds9.a(sprite.o) (oamAllocReset)
/opt/devkitPro/libnds/lib/libnds9.a(system.o)
                              /opt/devkitPro/libnds/lib/libnds9.a(initSystem.o) (powerValueHandler)
/opt/devkitPro/libnds/lib/libnds9.a(touch.o)
                              main.o (touchRead)
/opt/devkitPro/libnds/lib/libnds9.a(trig.o)
                              /opt/devkitPro/libnds/lib/libnds9.a(sprite.o) (sinLerp)
/opt/devkitPro/libnds/lib/libnds9.a(video.o)
                              /opt/devkitPro/libnds/lib/libnds9.a(console.o) (vramSetBankC)
/opt/devkitPro/libnds/lib/libnds9.a(videoGL.o)
                              Audio.o (glGlobalData)
/opt/devkitPro/libnds/lib/libnds9.a(dldi.o)
                              /opt/devkitPro/libnds/lib/libfat.a(disc.o) (dldiGetInternal)
/opt/devkitPro/libnds/lib/libnds9.a(fifosystem.o)
                              /opt/devkitPro/libnds/lib/libdswifi9.a(wifi_arm9.o) (fifoSetValue32Handler)
/opt/devkitPro/libnds/lib/libnds9.a(interrupts.o)
                              main.o (irqSet)
/opt/devkitPro/libnds/lib/libnds9.a(dcache.o)
                              /opt/devkitPro/libnds/lib/libdswifi9.a(wifi_arm9.o) (DC_FlushAll)
[...]
Memory Configuration

Name             Origin             Length             Attributes
rom              0x08000000         0x02000000
ewram            0x02000000         0x003ff000
dtcm             0x0b000000         0x00004000
vectors          0x01000000         0x00000100
itcm             0x01000100         0x00007f00
*default*        0x00000000         0xffffffff

Linker script and memory map

                0x01000000                __vectors_start = 0x1000000
                0x01000100                __itcm_start = 0x1000100
                0x023ff000                __ewram_end = 0x23ff000
                0x023ff000                __eheap_end = 0x23ff000
                0x0b000000                __dtcm_start = 0xb000000
                0x0b004000                __dtcm_top = 0xb004000
                0x0b003ff8                __irq_flags = (__dtcm_top - 0x8)
                0x0b003ffc                __irq_vector = (__dtcm_top - 0x4)
                0x0b003f00                __sp_svc = (__dtcm_top - 0x100)
                0x0b003e00                __sp_irq = (__sp_svc - 0x100)
                0x0b003d00                __sp_usr = (__sp_irq - 0x100)

.init           0x02000000      0x30c
                0x02000000                __text_start = .
 *(.init)
 .init          0x02000000      0x300 /opt/devkitPro/devkitARM/lib/gcc/arm-eabi/4.3.3/../../../../arm-eabi/lib/thumb/ds_arm9_crt0.o
                0x02000000                _start
 .init          0x02000300        0x4 /opt/devkitPro/devkitARM/lib/gcc/arm-eabi/4.3.3/thumb/crti.o
                0x02000300                _init
 .init          0x02000304        0x8 /opt/devkitPro/devkitARM/lib/gcc/arm-eabi/4.3.3/thumb/crtn.o
                0x0200030c                . = ALIGN (0x4)

.plt
 *(.plt)

.text           0x02000340    0x264e0
 *(EXCLUDE_FILE(*.itcm*) .text)
 .text          0x02000340        0x0 /opt/devkitPro/devkitARM/lib/gcc/arm-eabi/4.3.3/../../../../arm-eabi/lib/thumb/ds_arm9_crt0.o
 .text          0x02000340        0x0 /opt/devkitPro/devkitARM/lib/gcc/arm-eabi/4.3.3/thumb/crti.o
 .text          0x02000340       0x70 /opt/devkitPro/devkitARM/lib/gcc/arm-eabi/4.3.3/thumb/crtbegin.o
 .text          0x020003b0        0x0 soundbank.bin.o
 .text          0x020003b0        0x0 fleche.o
 .text          0x020003b0        0x0 grid.o
 .text          0x020003b0        0x0 LevelDisp.o
 .text          0x020003b0        0x0 rocketDOWN.o
 .text          0x020003b0        0x0 rocketLEFT.o
 .text          0x020003b0        0x0 rocketRIGHT.o
 .text          0x020003b0        0x0 rocketUP.o
 .text          0x020003b0        0x0 space.o
 .text          0x020003b0        0x0 space_wifi.o
 .text          0x020003b0       0xc0 Audio.o
                0x020003e8                Audio_PlayMusic
                0x02000404                Audio_PlaySoundEX
                0x020003b0                Audio_Init
 .text          0x02000470      0x600 gamedynamics.o
                0x020004f4                collision
                0x02000618                outOfBounds
                0x02000898                displaceStartFinish
                0x02000660                player_move
                0x02000a60                level_won
                0x02000470                change_obstacles
                0x020006c4                player_update
 .text          0x02000a70      0xa60 Graphics.o
                0x02000a70                Graphics_setup_main
                0x02001408                wifi_update
                0x0200137c                update_Tiles_Map
                0x02000db8                drawTileSquare32
                0x02001458                update_sub
 .text          0x020014d0      0xb6c main.o
                0x02001fdc                timer_newTry_ISR
                0x02001d6c                level_handler
                0x02001eb8                receiveMessage
                0x020014d0                main
                0x02001df4                sendMessage
                0x02001760                gameRestart
                0x0200161c                gameInit
                0x0200181c                game_handler
 .text          0x0200203c      0x104 memory.o
                0x0200203c                writeCustomLevel
                0x020020c0                readCustomLevel
 .text          0x02002140      0x2d0 WiFi_minilib.o
                0x02002218                openSocket
                0x02002140                initWiFi
                0x02002330                disconnectFromWiFi
                0x020023a0                receiveData
                0x02002350                sendData
                0x020022fc                closeSocket
 .text          0x02002410      0x204 /opt/devkitPro/libnds/lib/libdswifi9.a(sgIP_Hub.o)
                0x02002544                sgIP_Hub_SendRawPacket
                0x020025b4                sgIP_Hub_ReceiveHardwarePacket
                0x020024e8                sgIP_Hub_GetCompatibleIP
                0x02002524                htonl
                0x02002460                sgIP_Hub_AddHardwareInterface
                0x020024c0                sgIP_Hub_RemoveHardwareInterface
                0x02002500                sgIP_Hub_GetDefaultInterface
                0x02002410                sgIP_Hub_Init
                0x020024e0                sgIP_Hub_IPMaxMessageSize
                0x02002424                sgIP_Hub_AddProtocolInterface
                0x02002514                htons
                0x0200256c                sgIP_Hub_SendProtocolPacket
                0x020024a0                sgIP_Hub_RemoveProtocolInterface
 .text          0x02002614      0x2e0 /opt/devkitPro/libnds/lib/libdswifi9.a(sgIP_memblock.o)
                0x02002858                sgIP_memblock_free
                0x0200276c                sgIP_memblock_CopyFromLinear
                0x020028e4                sgIP_memblock_alloc
                0x02002768                sgIP_memblock_CopyBlock
                0x020027e4                sgIP_memblock_CopyToLinear
                0x02002648                sgIP_memblock_IPChecksum
                0x02002614                sgIP_memblock_Init
                0x02002618                sgIP_memblock_exposeheader
                0x02002888                sgIP_memblock_trimsize
                0x020028bc                sgIP_memblock_allocHW
 .text          0x020028f4      0xb4c /opt/devkitPro/libnds/lib/libdswifi9.a(sgIP_sockets.o)
                0x02002cec                ioctl
                0x020030d4                recv
                0x0200320c                connect
                0x02002d84                kill_socket
                0x02002f94                recvfrom
                0x020033a8                socket
                0x0200291c                select
                0x02003170                send
                0x02002e6c                accept
                0x020028f4                sgIP_sockets_Init
                0x020032f4                bind
                0x02002914                setsockopt
                0x02003060                sendto
                0x02002f44                listen
                0x02002dbc                spawn_socket
                0x02002e1c                shutdown
                0x02002ba4                gethostbyname
                0x02003354                closesocket
                0x02002c54                getpeername
                0x02002918                getsockopt
                0x02002bb0                getsockname
 .text          0x02003440     0x15dc /opt/devkitPro/libnds/lib/libdswifi9.a(wifi_arm9.o)
                0x02004950                Wifi_InitDefault
                0x02003520                wHeapFree
                0x02003858                Wifi_RawSetPacketHandler
                0x020038a8                Wifi_SetPromiscuousMode
                0x02003e54                wifiValue32Handler
                0x02003864                Wifi_SetSyncHandler
                0x02003a7c                Wifi_GetData
                0x020036e8                Wifi_RawTxFrame
                0x0200356c                ethhdr_print
                0x02003b24                Wifi_SetIP
                0x02004894                wHeapAllocInit
                0x02003984                Wifi_DisconnectAP
                0x02003b14                arm9_synctoarm7
                0x02003a3c                Wifi_GetIPInfo
                0x020038f4                Wifi_SetChannel
                0x02003e68                Wifi_Timer
                0x020039fc                Wifi_CheckInit
                0x02003450                sgIP_RestoreInterrupts
                0x02003460                sgIP_IntrWaitEvent
                0x020048bc                Wifi_Init
                0x02003e88                Wifi_TransmitFunction
                0x0200428c                Wifi_FindMatchingAP
                0x0200391c                Wifi_GetNumAP
                0x02003584                Wifi_CopyMacAddr
                0x02003e48                Wifi_Sync
                0x02003570                erasemem
                0x0200388c                Wifi_EnableWifi
                0x0200364c                Wifi_RxRawReadPacket
                0x020039b4                Wifi_Interface_Init
                0x02004764                Wifi_ConnectAP
                0x02003a28                Wifi_GetIP
                0x02003e78                Timer_50ms
                0x02003a78                Wifi_SetDHCP
                0x02003594                Wifi_CmpMacAddr
                0x020038d8                Wifi_ScanMode
                0x020041e4                Wifi_GetAPData
                0x02003954                Wifi_AutoConnect
                0x0200354c                sgIP_free
                0x020043bc                Wifi_AssocStatus
                0x02003540                sgIP_malloc
                0x020035c0                Wifi_TxBufferWordsAvailable
                0x02003464                wHeapAlloc
                0x020035e8                Wifi_TxBufferWrite
                0x02003b4c                Wifi_Update
                0x020036bc                Wifi_RxReadOffset
                0x02003af0                Wifi_GetStats
                0x02003870                Wifi_DisableWifi
                0x02003440                sgIP_DisableInterrupts
 .text          0x02004a1c       0x5c /opt/devkitPro/libnds/lib/libdswifi9.a(spinlock.o)
                0x02004a1c                SLasm_Acquire
                0x02004a50                SLasm_Release
 .text          0x02004a78       0xa4 /opt/devkitPro/libnds/lib/libdswifi9.a(sgIP.o)
                0x02004a78                sgIP_Timer
                0x02004ae0                sgIP_Init
 .text          0x02004b1c      0x668 /opt/devkitPro/libnds/lib/libdswifi9.a(sgIP_ARP.o)
                0x02005068                sgIP_ARP_ProcessARPFrame
                0x02004b50                sgIP_is_broadcast_address
                0x02004e60                sgIP_ARP_Timer100ms
                0x02004b60                sgIP_ARP_Init
                0x02004c9c                sgIP_ARP_SendGratARP
                0x02004bb4                sgIP_ARP_ProcessIPFrame
                0x02004b5c                sgIP_ARP_Check_isok
                0x02004b80                sgIP_ARP_FlushInterface
                0x02004bb8                sgIP_ARP_SendARPRequest
                0x02004d80                sgIP_ARP_SendARPResponse
                0x02004f30                sgIP_ARP_SendProtocolFrame
                0x02004ed8                sgIP_GetArpSlot
                0x02004b1c                sgIP_FindArpSlot
 .text          0x02005184      0x8e8 /opt/devkitPro/libnds/lib/libdswifi9.a(sgIP_DHCP.o)
                0x02005184                sgIP_DHCP_IsDhcpIp
                0x02005a2c                sgIP_DHCP_Init
                0x02005568                sgIP_DHCP_Update
                0x02005928                sgIP_DHCP_Release
                0x020052a4                sgIP_DHCP_BeginDgram
                0x0200526c                sgIP_DHCP_Terminate
                0x02005194                sethostname
                0x020054ec                sgIP_DHCP_SendDgram
                0x02005210                gethostname
                0x02005960                sgIP_DHCP_Start
                0x02005250                sgIP_DHCP_SetHostName
 .text          0x02005a6c      0xabc /opt/devkitPro/libnds/lib/libdswifi9.a(sgIP_DNS.o)
                0x02006114                sgIP_DNS_gethostbyname
                0x02005cf8                sgIP_DNS_GetUnusedRecord
                0x02005d8c                sgIP_DNS_FindDNSRecord
                0x020060f8                inet_addr
                0x02005aa4                sgIP_DNS_Timer1000ms
                0x02005b9c                sgIP_DNS_GenerateHostent
                0x020060dc                inet_aton
                0x02005ce4                inet_ntoa
                0x02005a6c                sgIP_DNS_Init
                0x02005ea4                sgIP_DNS_isipaddress
                0x02005c70                sgIP_DNS_CopyAliasAt
 .text          0x02006528      0x150 /opt/devkitPro/libnds/lib/libdswifi9.a(sgIP_IP.o)
                0x02006528                sgIP_IP_RequiredHeaderSize
                0x020065e0                sgIP_IP_ReceivePacket
                0x02006540                sgIP_IP_SendViaIP
                0x0200652c                sgIP_IP_GetLocalBindAddr
                0x020065d0                sgIP_IP_MaxContentsSize
 .text          0x02006678     0x11cc /opt/devkitPro/libnds/lib/libdswifi9.a(sgIP_TCP.o)
                0x02006678                sgIP_TCP_Init
                0x020066fc                sgIP_TCP_GetUnusedOutgoingPort
                0x02006768                sgIP_TCP_Close
                0x02006f78                sgIP_TCP_Timer
                0x02006c98                sgIP_TCP_Recv
                0x02006890                sgIP_TCP_AllocRecord
                0x020068e0                sgIP_TCP_FreeRecord
                0x020071e4                sgIP_TCP_CalcChecksum
                0x02006798                sgIP_TCP_Accept
                0x020069cc                sgIP_TCP_GenHeader
                0x02006838                sgIP_TCP_Listen
                0x02006eac                sgIP_TCP_Connect
                0x02006b0c                sgIP_TCP_SendSynReply
                0x02007250                sgIP_TCP_ReceivePacket
                0x02006bb0                sgIP_TCP_SendPacket
                0x02006d98                sgIP_TCP_Send
                0x020066ac                sgIP_TCP_support_seqhash
                0x02006810                sgIP_TCP_Bind
                0x02006a90                sgIP_TCP_FixChecksum
 .text          0x02007844      0x474 /opt/devkitPro/libnds/lib/libdswifi9.a(sgIP_UDP.o)
                0x020078c8                sgIP_UDP_Bind
                0x02007860                sgIP_UDP_GetUnusedOutgoingPort
                0x02007a9c                sgIP_UDP_CalcChecksum
                0x02007844                sgIP_UDP_Init
                0x020079f8                sgIP_UDP_FreeRecord
                0x02007b10                sgIP_UDP_SendPacket
                0x02007c0c                sgIP_UDP_ReceivePacket
                0x02007bf8                sgIP_UDP_SendTo
                0x02007904                sgIP_UDP_RecvFrom
                0x02007a5c                sgIP_UDP_AllocRecord
 .text          0x02007cb8       0x6c /opt/devkitPro/libnds/lib/libdswifi9.a(sgIP_ICMP.o)
                0x02007cbc                sgIP_ICMP_ReceivePacket
                0x02007cb8                sgIP_ICMP_Init
 .text          0x02007d24      0x204 /opt/devkitPro/libnds/lib/libfat.a(libfat.o)
                0x02007d5c                fatMount
                0x02007d24                fatUnmount
                0x02007f18                fatMountSimple
                0x02007f08                fatInitDefault
                0x02007dc0                fatInit
 .text          0x02007f28      0x340 /opt/devkitPro/libnds/lib/libfat.a(partition.o)
                0x02007f28                _FAT_partition_getPartitionFromPath
                0x02007f3c                _FAT_partition_destructor
                0x02007f64                _FAT_partition_constructor
 .text          0x02008268      0x38c /opt/devkitPro/libnds/lib/libfat.a(cache.o)
                0x0200833c                _FAT_cache_flush
                0x02008468                _FAT_cache_writeLittleEndianValue
                0x0200841c                _FAT_cache_writePartialSector
                0x02008394                _FAT_cache_invalidate
                0x02008560                _FAT_cache_destructor
                0x02008508                _FAT_cache_readLittleEndianValue
                0x0200857c                _FAT_cache_constructor
                0x020084d0                _FAT_cache_readPartialSector
                0x020083b8                _FAT_cache_eraseWritePartialSector
 .text          0x020085f4        0x0 /opt/devkitPro/libnds/lib/libfat.a(disc.o)
 .text          0x020085f4      0x784 /opt/devkitPro/libnds/lib/libfat.a(fatdir.o)
                0x020086a8                _FAT_stat_r
                0x02008610                _FAT_dirnext_r
                0x02008c1c                _FAT_unlink_r
                0x02008a40                _FAT_rename_r
                0x020085f4                _FAT_link_r
                0x02008600                _FAT_dirclose_r
                0x02008bc0                _FAT_chdir_r
                0x02008674                _FAT_dirreset_r
                0x02008728                _FAT_diropen_r
                0x020087d8                _FAT_statvfs_r
                0x02008830                _FAT_mkdir_r
 .text          0x02008d78     0x10b8 /opt/devkitPro/libnds/lib/libfat.a(fatfile.o)
                0x02008f6c                _FAT_ftruncate_r
                0x0200927c                _FAT_write_r
                0x020090b8                _FAT_seek_r
                0x020096d4                _FAT_read_r
                0x020099d0                _FAT_syncToDisc
                0x02009b38                _FAT_open_r
                0x02009ab0                _FAT_fsync_r
                0x02009ad8                _FAT_close_r
                0x02009204                _FAT_fstat_r
 .text          0x02009e30      0x458 /opt/devkitPro/libnds/lib/libfat.a(file_allocation_table.o)
                0x02009f20                _FAT_fat_freeClusterCount
                0x0200a0a8                _FAT_fat_clearLinks
                0x02009e30                _FAT_fat_nextCluster
                0x0200a21c                _FAT_fat_linkFreeClusterCleared
                0x0200a104                _FAT_fat_trimChain
                0x0200a18c                _FAT_fat_linkFreeCluster
                0x02009f4c                _FAT_fat_lastCluster
 .text          0x0200a288       0xc8 /opt/devkitPro/libnds/lib/libfat.a(filetime.o)
                0x0200a2c0                _FAT_filetime_getDateFromRTC
                0x0200a288                _FAT_filetime_to_time_t
                0x0200a308                _FAT_filetime_getTimeFromRTC
 .text          0x0200a350     0x12dc /opt/devkitPro/libnds/lib/libfat.a(directory.o)
                0x0200b5f0                _FAT_directory_chdir
                0x0200a3f0                _FAT_directory_entryStat
                0x0200a62c                _FAT_directory_removeEntry
                0x0200a4b0                _FAT_directory_getRootEntry
                0x0200a7bc                _FAT_directory_entryFromPosition
                0x0200a8fc                _FAT_directory_getNextEntry
                0x0200ab20                _FAT_directory_getFirstEntry
                0x0200a3c4                _FAT_directory_entryGetCluster
                0x0200abec                _FAT_directory_addEntry
                0x0200b414                _FAT_directory_entryFromPath
 .text          0x0200b62c      0xa28 /opt/devkitPro/libnds/lib/libnds9.a(console.o)
                0x0200bd5c                con_write
                0x0200b62c                consoleGetDefault
                0x0200bbb0                consoleInit
                0x0200bb04                consoleSetFont
                0x0200c024                nocash_write
                0x0200b6e0                consolePrintChar
                0x0200bb50                consoleClear
                0x0200bb28                consoleSetWindow
                0x0200b634                consoleSelect
                0x0200bd20                consoleDemoInit
                0x0200b88c                consoleLoadFont
                0x0200bb64                consoleDebugInit
 .text          0x0200c054       0xec /opt/devkitPro/libnds/lib/libnds9.a(initSystem.o)
                0x0200c054                initSystem
 .text          0x0200c140      0x134 /opt/devkitPro/libnds/lib/libnds9.a(keys.o)
                0x0200c200                keysSetRepeat
                0x0200c1f0                keysDownRepeat
                0x0200c23c                keysCurrent
                0x0200c1d0                keysHeld
                0x0200c224                keysUp
                0x0200c1dc                keysDown
                0x0200c140                scanKeys
 .text          0x0200c274      0x484 /opt/devkitPro/libnds/lib/libnds9.a(sprite.o)
                0x0200c274                oamDisable
                0x0200c2fc                oamClear
                0x0200c528                oamRotateScale
                0x0200c2c8                oamGetGfxPtr
                0x0200c2a4                oamEnable
                0x0200c324                oamGfxPtrToOffset
                0x0200c588                oamUpdate
                0x0200c5ec                oamInit
                0x0200c35c                oamSet
 .text          0x0200c6f8      0x364 /opt/devkitPro/libnds/lib/libnds9.a(sprite_alloc.o)
                0x0200c734                oamCountFragments
                0x0200c6f8                resizeBuffer
                0x0200c870                oamAllocReset
                0x0200c714                getAllocHeader
                0x0200c85c                oamFreeGfx
                0x0200c8a8                simpleAlloc
                0x0200ca24                oamAllocateGfx
                0x0200c780                simpleFree
 .text          0x0200ca5c       0xf4 /opt/devkitPro/libnds/lib/libnds9.a(system.o)
                0x0200cb0c                systemMsgHandler
                0x0200caa4                powerOn
                0x0200caf4                powerValueHandler
                0x0200ca5c                ledBlink
                0x0200cad8                systemSleep
                0x0200ca74                powerOff
 .text          0x0200cb50       0x4c /opt/devkitPro/libnds/lib/libnds9.a(touch.o)
                0x0200cb50                touchRead
                0x0200cb78                touchReadXY
 .text          0x0200cb9c      0x264 /opt/devkitPro/libnds/lib/libnds9.a(trig.o)
                0x0200cd34                arcSinComp
                0x0200cd64                asinLerp
                0x0200ccf4                tanLerp
                0x0200cb9c                sinLutLookup
                0x0200cca8                tanLutLookup
                0x0200cc8c                cosLerp
                0x0200cde4                acosLerp
                0x0200cbec                sinLerp
 .text          0x0200ce00      0x144 /opt/devkitPro/libnds/lib/libnds9.a(video.o)
                0x0200ceb4                vramSetBankF
                0x0200ce44                vramRestoreMainBanks
                0x0200cedc                vramSetBankH
                0x0200ce8c                vramSetBankD
                0x0200cea0                vramSetBankE
                0x0200cf04                setBrightness
                0x0200cec8                vramSetBankG
                0x0200ce64                vramSetBankB
                0x0200ce78                vramSetBankC
                0x0200cef0                vramSetBankI
                0x0200ce00                vramSetMainBanks
                0x0200ce50                vramSetBankA
 .text          0x0200cf44      0xa94 /opt/devkitPro/libnds/lib/libnds9.a(videoGL.o)
                0x0200d08c                glTexCoord2f32
                0x0200d3c8                glTexImage2D
                0x0200d000                glGenTextures
                0x0200cfd0                glResetTextures
                0x0200d6e4                glRotatef32i
                0x0200d370                glTexLoadPal
                0x0200d118                glTexParameter
                0x0200cf44                glGetGlobals
                0x0200d198                getNextPaletteSlot
                0x0200d1ec                vramGetBank
                0x0200d188                alignVal
                0x0200d170                glGetTexParameter
                0x0200d3a4                gluTexLoadPal
                0x0200cf4c                glMaterialf
                0x0200d040                glBindTexture
                0x0200d148                glGetTexturePointer
                0x0200d2ac                vramIsTextureBank
                0x0200d070                glColorTable
                0x0200d30c                getNextTextureSlot
                0x0200d540                glInit_C
 .text          0x0200d9d8      0x26c /opt/devkitPro/libnds/lib/libnds9.a(dldi.o)
                0x0200db48                dldiLoadFromFile
                0x0200da44                dldiFree
                0x0200da10                dldiIsValid
                0x0200d9d8                dldiGetInternal
                0x0200da54                dldiFixDriverAddresses
 .text          0x0200dc44     0x18b8 /opt/devkitPro/libnds/lib/libnds9.a(fifosystem.o)
                0x0200ebe0                fifoInternalRecvPopFirst
                0x0200dccc                fifoCheckValue32
                0x0200dddc                fifoCheckDatamsgLength
                0x0200e5d4                fifoGetLostWordCount
                0x0200e544                fifoGetBufferUsage
                0x0200f2a4                fifoSendValue32
                0x0200f1b4                fifoInternalSend
                0x0200e2ac                fifoGetDatamsg
                0x0200e0c4                fifoGetValue32
                0x0200dedc                fifoGetAddress
                0x0200de6c                fifoCountDatamsg
                0x0200e214                fifoForceValue32Handler
                0x0200dd54                fifoCheckDatamsg
                0x0200eb80                fifoInternalRecvPeek
                0x0200f0d4                fifoInternalAllocFreeBlock
                0x0200e09c                fifoSetAddressHandler
                0x0200eb40                fifoInternalProtect
                0x0200e488                fifoForceDatamsgHandler
                0x0200efe8                fifoInternalSendEnqueue
                0x0200f24c                fifoSendDatamsg
                0x0200ee20                fifoInternalSendEmpty
                0x0200ef6c                fifoInternalSendInterrupt
                0x0200f2ec                fifoSendAddress
                0x0200ee30                fifoInternalSendDeque
                0x0200e5e0                fifoInternalRecvInterrupt
                0x0200dc44                fifoCheckAddress
                0x0200f128                fifoInternalFreeCheck
                0x0200ecb4                fifoInternalRecvWordCount
                0x0200ed34                fifoInternalRecvPushBack
                0x0200eb5c                fifoInternalUnprotect
                0x0200e02c                fifoForceAddressHandler
                0x0200e284                fifoSetValue32Handler
                0x0200ef04                fifoInternalBeginSend
                0x0200f328                fifoInit
                0x0200e51c                fifoSetDatamsgHandler
                0x0200f104                fifoInternalFreeBlock
 .text          0x0200f4fc      0x1a8 /opt/devkitPro/libnds/lib/libnds9.a(interrupts.o)
                0x0200f5dc                irqEnable
                0x0200f500                irqSet
                0x0200f628                irqDisable
                0x0200f560                irqInit
                0x0200f4fc                irqDummy
                0x0200f5ac                irqInitHandler
                0x0200f674                irqClear
 .text          0x0200f6a4       0x70 /opt/devkitPro/libnds/lib/libnds9.a(dcache.o)
                0x0200f6a4                DC_FlushAll
                0x0200f6d0                DC_FlushRange
                0x0200f6f8                DC_InvalidateRange
                0x0200f6ec                DC_InvalidateAll
 *fill*         0x0200f714       0x2c ff
 .text          0x0200f740     0x8000 /opt/devkitPro/libnds/lib/libnds9.a(dldi_stub.o)
                0x0200f740                _io_dldi_stub
 .text          0x02017740       0x70 /opt/devkitPro/libnds/lib/libnds9.a(biosCalls.o)
                0x02017750                swiSleep
                0x0201778a                swiDecompressLZSSVram
                0x02017772                swiFastCopy
                0x02017776                swiSqrt
                0x02017740                swiSoftReset
                0x0201777a                swiCRC16
                0x0201778e                swiDecompressHuffman
                0x020177a6                swiSetHaltCR
                0x0201775c                swiRemainder
                0x02017782                swiUnpackBits
                0x02017786                swiDecompressLZSSWram
                0x020177a2                swiDecodeDelta16
                0x02017744                swiDelay
                0x02017762                swiDivMod
                0x02017796                swiDecompressRLEVram
                0x02017792                swiDecompressRLEWram
                0x0201779e                swiDecodeDelta8
                0x02017758                swiDivide
                0x02017754                swiChangeSoundBias
                0x0201774c                swiWaitForVBlank
                0x02017748                swiIntrWait
                0x0201777e                swiIsDebugger
                0x0201779a                swiWaitForIRQ
                0x0201776e                swiCopy
 .text          0x020177b0       0x98 /opt/devkitPro/libnds/lib/libnds9.a(debugprint.o)
                0x020177b0                nocashMessage
 .text          0x02017848        0x0 /opt/devkitPro/libnds/lib/libnds9.a(interruptDispatcher.o)
 .text          0x02017848        0x0 /opt/devkitPro/libnds/lib/libnds9.a(default_font.bin.o)
 .text          0x02017848      0x320 /opt/devkitPro/libnds/lib/libnds9.a(background.o)
                0x020178a4                bgUpdate
                0x02017a98                bgInit_call
                0x02017854                checkIfText
                0x0201799c                bgInitSub_call
                0x02017848                bgIsText
 .text          0x02017b68      0x240 /opt/devkitPro/libnds/lib/libmm9.a(mm_comms.o)
                0x02017d56                mmReverbStop
                0x02017c84                mmEffectVolume
                0x02017bea                mmSetModulePitch
                0x02017bf2                mmSelectMode
                0x02017bca                mmPause
                0x02017be2                mmSetJingleVolume
                0x02017cee                mmReverbEnable
                0x02017bc0                mmStart
                0x02017bee                mmSetEffectsVolume
                0x02017ca6                mmEffectCancel
                0x02017bda                mmJingle
                0x02017bce                mmResume
                0x02017c0a                mmStreamEnd
                0x02017bb4                mmLockChannels
                0x02017b68                mmSetupComms
                0x02017bba                mmUnlockChannels
                0x02017c8c                mmEffectRate
                0x02017c60                mmEffect
                0x02017be6                mmSetModuleTempo
                0x02017ca0                mmEffectRelease
                0x02017c88                mmEffectPanning
                0x02017bde                mmSetModuleVolume
                0x02017d52                mmReverbStart
                0x02017cf6                mmReverbConfigure
                0x02017bf6                mmStreamBegin
                0x02017bd6                mmPosition
                0x02017cf2                mmReverbDisable
                0x02017bd2                mmStop
                0x02017cac                mmEffectEx
                0x02017cea                mmEffectCancelAll
                0x02017c96                mmEffectScaleRate
                0x02017baa                mmSendBank
 .text          0x02017da8      0x108 /opt/devkitPro/libnds/lib/libmm9.a(mm_main9.o)
                0x02017dde                mmInitDefault
                0x02017e68                mmRestoreIRQ_t
                0x02017e28                mmInitDefaultMem
                0x02017e4a                mmSuspendIRQ_t
                0x02017db4                mmInit
                0x02017dae                mmSetEventHandler
                0x02017da8                mmActive
 .text          0x02017eb0      0x120 /opt/devkitPro/libnds/lib/libmm9.a(mm_memory.o)
                0x02017eb0                mmLoad
                0x02017f58                mmLoadEffect
                0x02017f00                mmUnload
                0x02017f90                mmUnloadEffect
 .text          0x02017fd0      0x100 /opt/devkitPro/libnds/lib/libmm9.a(mm_soundbank.o)
                0x02018016                mmsHandleFileOp
                0x02017fd8                mmSoundBankInFiles
                0x02017fd0                mmSoundBankInMemory
                0x02017fea                mmSetCustomSoundBankHandler
 .text          0x020180d0       0x3c /opt/devkitPro/libnds/lib/libmm9.a(mm_flusher.o)
                0x020180d0                mmFlushBank
 .text          0x0201810c       0x8c /opt/devkitPro/devkitARM/lib/gcc/arm-eabi/4.3.3/thumb/libgcc.a(_udivsi3.o)
                0x0201810c                __udivsi3
                0x0201810c                __aeabi_uidiv
                0x02018188                __aeabi_uidivmod
 .text          0x02018198       0xa4 /opt/devkitPro/devkitARM/lib/gcc/arm-eabi/4.3.3/thumb/libgcc.a(_divsi3.o)
                0x02018198                __aeabi_idiv
                0x02018198                __divsi3
                0x0201822c                __aeabi_idivmod
 .text          0x0201823c        0x4 /opt/devkitPro/devkitARM/lib/gcc/arm-eabi/4.3.3/thumb/libgcc.a(_dvmd_tls.o)
                0x0201823c                __aeabi_ldiv0
                0x0201823c                __div0
                0x0201823c                __aeabi_idiv0
 .text          0x02018240       0x70 /opt/devkitPro/devkitARM/lib/gcc/arm-eabi/4.3.3/thumb/libgcc.a(_muldi3.o)
                0x02018240                __aeabi_lmul
                0x02018240                __muldi3
 .text          0x020182b0       0x5c /opt/devkitPro/devkitARM/lib/gcc/arm-eabi/4.3.3/../../../../arm-eabi/lib/thumb/libg.a(lib_a-bsearch.o)
                0x020182b0                bsearch
 .text          0x0201830c        0xc /opt/devkitPro/devkitARM/lib/gcc/arm-eabi/4.3.3/../../../../arm-eabi/lib/thumb/libg.a(lib_a-errno.o)
                0x0201830c                __errno
 .text          0x02018318       0xc0 /opt/devkitPro/devkitARM/lib/gcc/arm-eabi/4.3.3/../../../../arm-eabi/lib/thumb/libg.a(lib_a-fclose.o)
                0x02018318                _fclose_r
                0x020183bc                fclose
 .text          0x020183d8      0x150 /opt/devkitPro/devkitARM/lib/gcc/arm-eabi/4.3.3/../../../../arm-eabi/lib/thumb/libg.a(lib_a-fflush.o)
                0x020184f4                fflush
                0x020183d8                _fflush_r
 .text          0x02018528      0x1f0 /opt/devkitPro/devkitARM/lib/gcc/arm-eabi/4.3.3/../../../../arm-eabi/lib/thumb/libg.a(lib_a-findfp.o)
                0x020185f4                __sinit
                0x02018650                __sfmoreglue
                0x0201858c                _cleanup
                0x02018578                _cleanup_r
                0x0201855c                __fp_lock_all
                0x02018528                __sfp_lock_acquire
                0x02018684                __sfp
                0x02018534                __sinit_lock_release
                0x02018540                __fp_unlock_all
                0x0201852c                __sfp_lock_release
                0x02018530                __sinit_lock_acquire
 .text          0x02018718       0xa4 /opt/devkitPro/devkitARM/lib/gcc/arm-eabi/4.3.3/../../../../arm-eabi/lib/thumb/libg.a(lib_a-fopen.o)
                0x020187a0                fopen
                0x02018718                _fopen_r
 .text          0x020187bc       0x38 /opt/devkitPro/devkitARM/lib/gcc/arm-eabi/4.3.3/../../../../arm-eabi/lib/thumb/libg.a(lib_a-fprintf.o)
                0x020187bc                fprintf
                0x020187dc                _fprintf_r
 .text          0x020187f4      0x19c /opt/devkitPro/devkitARM/lib/gcc/arm-eabi/4.3.3/../../../../arm-eabi/lib/thumb/libg.a(lib_a-fread.o)
                0x02018968                fread
                0x020187f4                _fread_r
 .text          0x02018990      0x23c /opt/devkitPro/devkitARM/lib/gcc/arm-eabi/4.3.3/../../../../arm-eabi/lib/thumb/libg.a(lib_a-freer.o)
                0x02018a38                _free_r
                0x02018990                _malloc_trim_r
 .text          0x02018bcc       0x38 /opt/devkitPro/devkitARM/lib/gcc/arm-eabi/4.3.3/../../../../arm-eabi/lib/thumb/libg.a(lib_a-fscanf.o)
                0x02018be4                fscanf
                0x02018bcc                _fscanf_r
 .text          0x02018c04      0x30c /opt/devkitPro/devkitARM/lib/gcc/arm-eabi/4.3.3/../../../../arm-eabi/lib/thumb/libg.a(lib_a-fseek.o)
                0x02018ee8                fseek
                0x02018c04                _fseek_r
 .text          0x02018f10       0xc8 /opt/devkitPro/devkitARM/lib/gcc/arm-eabi/4.3.3/../../../../arm-eabi/lib/thumb/libg.a(lib_a-fwalk.o)
                0x02018f78                _fwalk
                0x02018f10                _fwalk_reent
 .text          0x02018fd8        0x0 /opt/devkitPro/devkitARM/lib/gcc/arm-eabi/4.3.3/../../../../arm-eabi/lib/thumb/libg.a(lib_a-impure.o)
 .text          0x02018fd8       0x88 /opt/devkitPro/devkitARM/lib/gcc/arm-eabi/4.3.3/../../../../arm-eabi/lib/thumb/libg.a(lib_a-init.o)
                0x02019008                __libc_init_array
                0x02018fd8                __libc_fini_array
 .text          0x02019060       0x3c /opt/devkitPro/devkitARM/lib/gcc/arm-eabi/4.3.3/../../../../arm-eabi/lib/thumb/libg.a(lib_a-iprintf.o)
                0x02019060                _iprintf_r
                0x02019078                iprintf
 .text          0x0201909c       0x10 /opt/devkitPro/devkitARM/lib/gcc/arm-eabi/4.3.3/../../../../arm-eabi/lib/thumb/libg.a(lib_a-lcltime_r.o)
                0x0201909c                localtime_r
 .text          0x020190ac      0x28c /opt/devkitPro/devkitARM/lib/gcc/arm-eabi/4.3.3/../../../../arm-eabi/lib/thumb/libg.a(lib_a-locale.o)
                0x020190c8                _setlocale_r
                0x020190ac                __locale_charset
                0x020190b8                _localeconv_r
                0x0201931c                setlocale
                0x020190c0                localeconv
 .text          0x02019338       0xe8 /opt/devkitPro/devkitARM/lib/gcc/arm-eabi/4.3.3/../../../../arm-eabi/lib/thumb/libg.a(lib_a-makebuf.o)
                0x02019338                __smakebuf_r
 .text          0x02019420       0x30 /opt/devkitPro/devkitARM/lib/gcc/arm-eabi/4.3.3/../../../../arm-eabi/lib/thumb/libg.a(lib_a-malloc.o)
                0x02019438                malloc
                0x02019420                free
 .text          0x02019450      0x510 /opt/devkitPro/devkitARM/lib/gcc/arm-eabi/4.3.3/../../../../arm-eabi/lib/thumb/libg.a(lib_a-mallocr.o)
                0x02019450                _malloc_r
 .text          0x02019960       0x70 /opt/devkitPro/devkitARM/lib/gcc/arm-eabi/4.3.3/../../../../arm-eabi/lib/thumb/libg.a(lib_a-mbrtowc.o)
                0x020199a8                mbrtowc
                0x02019960                _mbrtowc_r
 .text          0x020199d0       0xf4 /opt/devkitPro/devkitARM/lib/gcc/arm-eabi/4.3.3/../../../../arm-eabi/lib/thumb/libg.a(lib_a-mbsrtowcs.o)
                0x02019a9c                mbsrtowcs
                0x020199d0                _mbsrtowcs_r
 .text          0x02019ac4      0x69c /opt/devkitPro/devkitARM/lib/gcc/arm-eabi/4.3.3/../../../../arm-eabi/lib/thumb/libg.a(lib_a-mbtowc_r.o)
                0x02019ac4                _mbtowc_r
 .text          0x0201a160       0x58 /opt/devkitPro/devkitARM/lib/gcc/arm-eabi/4.3.3/../../../../arm-eabi/lib/thumb/libg.a(lib_a-memcmp.o)
                0x0201a160                memcmp
 .text          0x0201a1b8       0x88 /opt/devkitPro/devkitARM/lib/gcc/arm-eabi/4.3.3/../../../../arm-eabi/lib/thumb/libg.a(lib_a-memcpy.o)
                0x0201a1b8                memcpy
 .text          0x0201a240       0xb0 /opt/devkitPro/devkitARM/lib/gcc/arm-eabi/4.3.3/../../../../arm-eabi/lib/thumb/libg.a(lib_a-memmove.o)
                0x0201a240                memmove
 .text          0x0201a2f0       0xb0 /opt/devkitPro/devkitARM/lib/gcc/arm-eabi/4.3.3/../../../../arm-eabi/lib/thumb/libg.a(lib_a-memset.o)
                0x0201a2f0                memset
 .text          0x0201a3a0      0x4b0 /opt/devkitPro/devkitARM/lib/gcc/arm-eabi/4.3.3/../../../../arm-eabi/lib/thumb/libg.a(lib_a-mktime.o)
                0x0201a5bc                mktime
 .text          0x0201a850      0x518 /opt/devkitPro/devkitARM/lib/gcc/arm-eabi/4.3.3/../../../../arm-eabi/lib/thumb/libg.a(lib_a-mktm_r.o)
                0x0201a850                __tzcalc_limits
                0x0201a9f0                _mktm_r
 .text          0x0201ad68        0x8 /opt/devkitPro/devkitARM/lib/gcc/arm-eabi/4.3.3/../../../../arm-eabi/lib/thumb/libg.a(lib_a-mlock.o)
                0x0201ad6c                __malloc_unlock
                0x0201ad68                __malloc_lock
 .text          0x0201ad70       0x3c /opt/devkitPro/devkitARM/lib/gcc/arm-eabi/4.3.3/../../../../arm-eabi/lib/thumb/libg.a(lib_a-printf.o)
                0x0201ad70                printf
                0x0201ad94                _printf_r
 .text          0x0201adac       0x1c /opt/devkitPro/devkitARM/lib/gcc/arm-eabi/4.3.3/../../../../arm-eabi/lib/thumb/libg.a(lib_a-realloc.o)
                0x0201adac                realloc
 .text          0x0201adc8      0x340 /opt/devkitPro/devkitARM/lib/gcc/arm-eabi/4.3.3/../../../../arm-eabi/lib/thumb/libg.a(lib_a-reallocr.o)
                0x0201adc8                _realloc_r
 .text          0x0201b108      0x128 /opt/devkitPro/devkitARM/lib/gcc/arm-eabi/4.3.3/../../../../arm-eabi/lib/thumb/libg.a(lib_a-refill.o)
                0x0201b108                __srefill_r
 .text          0x0201b230      0x114 /opt/devkitPro/devkitARM/lib/gcc/arm-eabi/4.3.3/../../../../arm-eabi/lib/thumb/libg.a(lib_a-setvbuf.o)
                0x0201b230                setvbuf
 .text          0x0201b344       0xa4 /opt/devkitPro/devkitARM/lib/gcc/arm-eabi/4.3.3/../../../../arm-eabi/lib/thumb/libg.a(lib_a-siscanf.o)
                0x0201b348                _siscanf_r
                0x0201b398                siscanf
 .text          0x0201b3e8       0xb8 /opt/devkitPro/devkitARM/lib/gcc/arm-eabi/4.3.3/../../../../arm-eabi/lib/thumb/libg.a(lib_a-stdio.o)
                0x0201b3fc                __sseek
                0x0201b470                __sread
                0x0201b3e8                __sclose
                0x0201b430                __swrite
 .text          0x0201b4a0       0xc4 /opt/devkitPro/devkitARM/lib/gcc/arm-eabi/4.3.3/../../../../arm-eabi/lib/thumb/libg.a(lib_a-strchr.o)
                0x0201b4a0                strchr
 .text          0x0201b564       0x5c /opt/devkitPro/devkitARM/lib/gcc/arm-eabi/4.3.3/../../../../arm-eabi/lib/thumb/libg.a(lib_a-strcmp.o)
                0x0201b564                strcmp
 .text          0x0201b5c0       0x48 /opt/devkitPro/devkitARM/lib/gcc/arm-eabi/4.3.3/../../../../arm-eabi/lib/thumb/libg.a(lib_a-strcpy.o)
                0x0201b5c0                strcpy
 .text          0x0201b608       0x60 /opt/devkitPro/devkitARM/lib/gcc/arm-eabi/4.3.3/../../../../arm-eabi/lib/thumb/libg.a(lib_a-strlen.o)
                0x0201b608                strlen
 .text          0x0201b668       0x94 /opt/devkitPro/devkitARM/lib/gcc/arm-eabi/4.3.3/../../../../arm-eabi/lib/thumb/libg.a(lib_a-strncasecmp.o)
                0x0201b668                strncasecmp
 .text          0x0201b6fc       0x9c /opt/devkitPro/devkitARM/lib/gcc/arm-eabi/4.3.3/../../../../arm-eabi/lib/thumb/libg.a(lib_a-strncmp.o)
                0x0201b6fc                strncmp
 .text          0x0201b798       0x74 /opt/devkitPro/devkitARM/lib/gcc/arm-eabi/4.3.3/../../../../arm-eabi/lib/thumb/libg.a(lib_a-strncpy.o)
                0x0201b798                strncpy
 .text          0x0201b80c       0x2c /opt/devkitPro/devkitARM/lib/gcc/arm-eabi/4.3.3/../../../../arm-eabi/lib/thumb/libg.a(lib_a-strnlen.o)
                0x0201b80c                strnlen
 .text          0x0201b838       0x48 /opt/devkitPro/devkitARM/lib/gcc/arm-eabi/4.3.3/../../../../arm-eabi/lib/thumb/libg.a(lib_a-strpbrk.o)
                0x0201b838                strpbrk
 .text          0x0201b880       0x34 /opt/devkitPro/devkitARM/lib/gcc/arm-eabi/4.3.3/../../../../arm-eabi/lib/thumb/libg.a(lib_a-strrchr.o)
                0x0201b880                strrchr
 .text          0x0201b8b4      0x8fc /opt/devkitPro/devkitARM/lib/gcc/arm-eabi/4.3.3/../../../../arm-eabi/lib/thumb/libg.a(lib_a-svfiscanf.o)
                0x0201b988                __ssvfiscanf_r
 .text          0x0201c1b0       0x18 /opt/devkitPro/devkitARM/lib/gcc/arm-eabi/4.3.3/../../../../arm-eabi/lib/thumb/libg.a(lib_a-sysclose.o)
                0x0201c1b0                close
 .text          0x0201c1c8       0x24 /opt/devkitPro/devkitARM/lib/gcc/arm-eabi/4.3.3/../../../../arm-eabi/lib/thumb/libg.a(lib_a-syslseek.o)
                0x0201c1c8                lseek
 .text          0x0201c1ec       0x1c /opt/devkitPro/devkitARM/lib/gcc/arm-eabi/4.3.3/../../../../arm-eabi/lib/thumb/libg.a(lib_a-sysopen.o)
                0x0201c1ec                open
 .text          0x0201c208       0x24 /opt/devkitPro/devkitARM/lib/gcc/arm-eabi/4.3.3/../../../../arm-eabi/lib/thumb/libg.a(lib_a-sysread.o)
                0x0201c208                read
 .text          0x0201c22c       0x34 /opt/devkitPro/devkitARM/lib/gcc/arm-eabi/4.3.3/../../../../arm-eabi/lib/thumb/libg.a(lib_a-time.o)
                0x0201c22c                time
 .text          0x0201c260      0x4dc /opt/devkitPro/devkitARM/lib/gcc/arm-eabi/4.3.3/../../../../arm-eabi/lib/thumb/libg.a(lib_a-towlower.o)
                0x0201c260                towlower
 .text          0x0201c73c      0x5d8 /opt/devkitPro/devkitARM/lib/gcc/arm-eabi/4.3.3/../../../../arm-eabi/lib/thumb/libg.a(lib_a-towupper.o)
                0x0201c73c                towupper
 .text          0x0201cd14        0x8 /opt/devkitPro/devkitARM/lib/gcc/arm-eabi/4.3.3/../../../../arm-eabi/lib/thumb/libg.a(lib_a-tzlock.o)
                0x0201cd18                __tz_unlock
                0x0201cd14                __tz_lock
 .text          0x0201cd1c        0x0 /opt/devkitPro/devkitARM/lib/gcc/arm-eabi/4.3.3/../../../../arm-eabi/lib/thumb/libg.a(lib_a-tzvars.o)
 .text          0x0201cd1c      0x1a0 /opt/devkitPro/devkitARM/lib/gcc/arm-eabi/4.3.3/../../../../arm-eabi/lib/thumb/libg.a(lib_a-ungetc.o)
                0x0201cea0                ungetc
                0x0201cd1c                __submore
                0x0201cd98                _ungetc_r
 .text          0x0201cebc      0xc44 /opt/devkitPro/devkitARM/lib/gcc/arm-eabi/4.3.3/../../../../arm-eabi/lib/thumb/libg.a(lib_a-vfiprintf.o)
                0x0201dadc                vfiprintf
                0x0201cedc                _vfiprintf_r
 .text          0x0201db00     0x16f8 /opt/devkitPro/devkitARM/lib/gcc/arm-eabi/4.3.3/../../../../arm-eabi/lib/thumb/libg.a(lib_a-vfprintf.o)
                0x0201db20                _vfprintf_r
                0x0201f1d4                vfprintf
 .text          0x0201f1f8      0xcd0 /opt/devkitPro/devkitARM/lib/gcc/arm-eabi/4.3.3/../../../../arm-eabi/lib/thumb/libg.a(lib_a-vfscanf.o)
                0x0201fe3c                __svfscanf
                0x0201fe60                _vfscanf_r
                0x0201fe90                vfscanf
                0x0201f1f8                __svfscanf_r
 .text          0x0201fec8       0x68 /opt/devkitPro/devkitARM/lib/gcc/arm-eabi/4.3.3/../../../../arm-eabi/lib/thumb/libg.a(lib_a-wcrtomb.o)
                0x0201fec8                _wcrtomb_r
                0x0201ff0c                wcrtomb
 .text          0x0201ff30      0x108 /opt/devkitPro/devkitARM/lib/gcc/arm-eabi/4.3.3/../../../../arm-eabi/lib/thumb/libg.a(lib_a-wcsrtombs.o)
                0x0201ff30                _wcsrtombs_r
                0x02020010                wcsrtombs
 .text          0x02020038       0x40 /opt/devkitPro/devkitARM/lib/gcc/arm-eabi/4.3.3/../../../../arm-eabi/lib/thumb/libg.a(lib_a-wctob.o)
                0x02020038                wctob
 .text          0x02020078      0x2c8 /opt/devkitPro/devkitARM/lib/gcc/arm-eabi/4.3.3/../../../../arm-eabi/lib/thumb/libg.a(lib_a-wctomb_r.o)
                0x02020078                _wctomb_r
 .text          0x02020340       0xc8 /opt/devkitPro/devkitARM/lib/gcc/arm-eabi/4.3.3/../../../../arm-eabi/lib/thumb/libg.a(lib_a-wsetup.o)
                0x02020340                __swsetup_r
 .text          0x02020408        0x0 /opt/devkitPro/devkitARM/lib/gcc/arm-eabi/4.3.3/../../../../arm-eabi/lib/thumb/libg.a(lib_a-ctype_.o)
 .text          0x02020408       0x44 /opt/devkitPro/devkitARM/lib/gcc/arm-eabi/4.3.3/../../../../arm-eabi/lib/thumb/libg.a(lib_a-div.o)
                0x02020408                div
 *fill*         0x0202044c        0x4 ff
 .text          0x02020450      0xf70 /opt/devkitPro/devkitARM/lib/gcc/arm-eabi/4.3.3/../../../../arm-eabi/lib/thumb/libg.a(lib_a-dtoa.o)
                0x020205bc                _dtoa_r
 .text          0x020213c0       0x7c /opt/devkitPro/devkitARM/lib/gcc/arm-eabi/4.3.3/../../../../arm-eabi/lib/thumb/libg.a(lib_a-flags.o)
                0x020213c0                __sflags
 .text          0x0202143c      0x318 /opt/devkitPro/devkitARM/lib/gcc/arm-eabi/4.3.3/../../../../arm-eabi/lib/thumb/libg.a(lib_a-fvwrite.o)
                0x0202143c                __sfvwrite_r
 .text          0x02021754        0x8 /opt/devkitPro/devkitARM/lib/gcc/arm-eabi/4.3.3/../../../../arm-eabi/lib/thumb/libg.a(lib_a-gettzinfo.o)
                0x02021754                __gettzinfo
 .text          0x0202175c       0xec /opt/devkitPro/devkitARM/lib/gcc/arm-eabi/4.3.3/../../../../arm-eabi/lib/thumb/libg.a(lib_a-iswspace.o)
                0x0202175c                iswspace
 .text          0x02021848      0x178 /opt/devkitPro/devkitARM/lib/gcc/arm-eabi/4.3.3/../../../../arm-eabi/lib/thumb/libg.a(lib_a-jp2uc.o)
                0x02021848                __jp2uc
 .text          0x020219c0       0x8c /opt/devkitPro/devkitARM/lib/gcc/arm-eabi/4.3.3/../../../../arm-eabi/lib/thumb/libg.a(lib_a-memchr.o)
                0x020219c0                memchr
 *fill*         0x02021a4c        0x4 ff
 .text          0x02021a50      0x9e8 /opt/devkitPro/devkitARM/lib/gcc/arm-eabi/4.3.3/../../../../arm-eabi/lib/thumb/libg.a(lib_a-mprec.o)
                0x02021cc8                _mprec_log10
                0x02021d58                __any_on
                0x02021db4                _Balloc
                0x02021c74                __ratio
                0x02022220                __i2b
                0x02021bb8                __b2d
                0x02022398                __s2b
                0x02021b28                __mcmp
                0x02021a6c                __hi0bits
                0x020222e0                __pow5mult
                0x02022000                __lshift
                0x020220c0                __multiply
                0x02021e08                __d2b
                0x02021d0c                __copybits
                0x02021b6c                __ulp
                0x02021edc                __mdiff
                0x02021ac0                __lo0bits
                0x02022238                __multadd
                0x02021a50                _Bfree
 .text          0x02022438       0x24 /opt/devkitPro/devkitARM/lib/gcc/arm-eabi/4.3.3/../../../../arm-eabi/lib/thumb/libg.a(lib_a-s_isinfd.o)
                0x02022438                __isinfd
 .text          0x0202245c       0x1c /opt/devkitPro/devkitARM/lib/gcc/arm-eabi/4.3.3/../../../../arm-eabi/lib/thumb/libg.a(lib_a-s_isnand.o)
                0x0202245c                __isnand
 .text          0x02022478       0x78 /opt/devkitPro/devkitARM/lib/gcc/arm-eabi/4.3.3/../../../../arm-eabi/lib/thumb/libg.a(lib_a-sccl.o)
                0x02022478                __sccl
 .text          0x020224f0        0x8 /opt/devkitPro/devkitARM/lib/gcc/arm-eabi/4.3.3/../../../../arm-eabi/lib/thumb/libg.a(lib_a-sf_nan.o)
                0x020224f0                nanf
 .text          0x020224f8       0x84 /opt/devkitPro/devkitARM/lib/gcc/arm-eabi/4.3.3/../../../../arm-eabi/lib/thumb/libg.a(lib_a-sprintf.o)
                0x0202253c                _sprintf_r
                0x020224f8                sprintf
 *fill*         0x0202257c        0x4 ff
 .text          0x02022580      0xf10 /opt/devkitPro/devkitARM/lib/gcc/arm-eabi/4.3.3/../../../../arm-eabi/lib/thumb/libg.a(lib_a-strtod.o)
                0x02022580                _strtod_r
                0x02023474                strtod
                0x02023438                strtof
 .text          0x02023490      0x18c /opt/devkitPro/devkitARM/lib/gcc/arm-eabi/4.3.3/../../../../arm-eabi/lib/thumb/libg.a(lib_a-strtol.o)
                0x020235f8                strtol
                0x02023490                _strtol_r
 .text          0x0202361c      0x190 /opt/devkitPro/devkitARM/lib/gcc/arm-eabi/4.3.3/../../../../arm-eabi/lib/thumb/libg.a(lib_a-strtoul.o)
                0x02023788                strtoul
                0x0202361c                _strtoul_r
 *fill*         0x020237ac        0x4 ff
 .text          0x020237b0     0x15e0 /opt/devkitPro/devkitARM/lib/gcc/arm-eabi/4.3.3/../../../../arm-eabi/lib/thumb/libg.a(lib_a-svfprintf.o)
                0x020238dc                _svfprintf_r
 .text          0x02024d90       0x5c /opt/devkitPro/devkitARM/lib/gcc/arm-eabi/4.3.3/../../../../arm-eabi/lib/thumb/libg.a(lib_a-callocr.o)
                0x02024d90                _calloc_r
 .text          0x02024dec      0x5e8 /opt/devkitPro/devkitARM/lib/gcc/arm-eabi/4.3.3/../../../../arm-eabi/lib/thumb/libg.a(lib_a-gdtoa-gethex.o)
                0x02024dec                __hexdig_init
                0x02024efc                __gethex
 .text          0x020253d4      0x1a4 /opt/devkitPro/devkitARM/lib/gcc/arm-eabi/4.3.3/../../../../arm-eabi/lib/thumb/libg.a(lib_a-gdtoa-hexnan.o)
                0x020253d4                __hexnan
 .text          0x02025578      0x134 /opt/devkitPro/devkitARM/lib/gcc/arm-eabi/4.3.3/../../../../arm-eabi/lib/thumb/libsysbase.a(iosupport.o)
                0x02025688                RemoveDevice
                0x02025578                setDefaultDevice
                0x0202558c                AddDevice
                0x02025668                GetDeviceOpTab
                0x02025604                FindDevice
 .text          0x020256ac       0x54 /opt/devkitPro/devkitARM/lib/gcc/arm-eabi/4.3.3/../../../../arm-eabi/lib/thumb/libsysbase.a(close.o)
                0x020256ac                _close_r
 .text          0x02025700       0x5c /opt/devkitPro/devkitARM/lib/gcc/arm-eabi/4.3.3/../../../../arm-eabi/lib/thumb/libsysbase.a(fstat.o)
                0x02025700                _fstat_r
 .text          0x0202575c        0x4 /opt/devkitPro/devkitARM/lib/gcc/arm-eabi/4.3.3/../../../../arm-eabi/lib/thumb/libsysbase.a(isatty.o)
                0x0202575c                _isatty_r
 .text          0x02025760       0x54 /opt/devkitPro/devkitARM/lib/gcc/arm-eabi/4.3.3/../../../../arm-eabi/lib/thumb/libsysbase.a(lseek.o)
                0x02025760                _lseek_r
 .text          0x020257b4       0x9c /opt/devkitPro/devkitARM/lib/gcc/arm-eabi/4.3.3/../../../../arm-eabi/lib/thumb/libsysbase.a(open.o)
                0x020257b4                _open_r
 .text          0x02025850       0x54 /opt/devkitPro/devkitARM/lib/gcc/arm-eabi/4.3.3/../../../../arm-eabi/lib/thumb/libsysbase.a(read.o)
                0x02025850                _read_r
 .text          0x020258a4       0x54 /opt/devkitPro/devkitARM/lib/gcc/arm-eabi/4.3.3/../../../../arm-eabi/lib/thumb/libsysbase.a(sbrk.o)
                0x020258a4                _sbrk_r
 .text          0x020258f8       0x4c /opt/devkitPro/devkitARM/lib/gcc/arm-eabi/4.3.3/../../../../arm-eabi/lib/thumb/libsysbase.a(times.o)
                0x02025900                _gettimeofday_r
                0x020258f8                _times_r
                0x0202592c                _times
 .text          0x02025944       0x54 /opt/devkitPro/devkitARM/lib/gcc/arm-eabi/4.3.3/../../../../arm-eabi/lib/thumb/libsysbase.a(write.o)
                0x02025944                _write_r
 .text          0x02025998        0x0 /opt/devkitPro/devkitARM/lib/gcc/arm-eabi/4.3.3/../../../../arm-eabi/lib/thumb/libsysbase.a(malloc_vars.o)
 .text          0x02025998      0x25c /opt/devkitPro/devkitARM/lib/gcc/arm-eabi/4.3.3/../../../../arm-eabi/lib/thumb/libsysbase.a(chdir.o)
                0x02025b04                chdir
                0x02025998                getcwd
                0x020259e8                _concatenate_path
 .text          0x02025bf4       0x54 /opt/devkitPro/devkitARM/lib/gcc/arm-eabi/4.3.3/../../../../arm-eabi/lib/thumb/libsysbase.a(build_argv.o)
                0x02025bf4                build_argv
 .text          0x02025c48       0x90 /opt/devkitPro/devkitARM/lib/gcc/arm-eabi/4.3.3/../../../../arm-eabi/lib/thumb/libsysbase.a(handle_manager.o)
                0x02025ca8                __release_handle
                0x02025c68                __alloc_handle
                0x02025c48                __get_handle
 .text          0x02025cd8      0x41c /opt/devkitPro/devkitARM/lib/gcc/arm-eabi/4.3.3/thumb/libgcc.a(_addsubdf3.o)
                0x02026094                __floatdidf
                0x02026018                __floatsidf
                0x02025ff4                __aeabi_ui2d
                0x02025cd8                __aeabi_drsub
                0x02026040                __extendsfdf2
                0x02025ce4                __adddf3
                0x02025ff4                __floatunsidf
                0x02025ce4                __aeabi_dadd
                0x02026080                __aeabi_ul2d
                0x02025ce0                __aeabi_dsub
                0x02026080                __floatundidf
                0x02026018                __aeabi_i2d
                0x02026094                __aeabi_l2d
                0x02026040                __aeabi_f2d
                0x02025ce0                __subdf3
 .text          0x020260f4      0x49c /opt/devkitPro/devkitARM/lib/gcc/arm-eabi/4.3.3/thumb/libgcc.a(_muldivdf3.o)
                0x02026384                __aeabi_ddiv
                0x020260f4                __aeabi_dmul
                0x02026384                __divdf3
                0x020260f4                __muldf3
 .text          0x02026590      0x140 /opt/devkitPro/devkitARM/lib/gcc/arm-eabi/4.3.3/thumb/libgcc.a(_cmpdf2.o)
                0x02026688                __aeabi_dcmple
                0x020265a0                __cmpdf2
                0x020265a0                __eqdf2
                0x02026590                __gtdf2
                0x02026640                __aeabi_cdcmple
                0x02026624                __aeabi_cdrcmple
                0x02026598                __ltdf2
                0x02026670                __aeabi_dcmplt
                0x02026598                __ledf2
                0x020266b8                __aeabi_dcmpgt
                0x020266a0                __aeabi_dcmpge
                0x020265a0                __nedf2
                0x02026658                __aeabi_dcmpeq
                0x02026640                __aeabi_cdcmpeq
                0x02026590                __gedf2
 .text          0x020266d0       0x5c /opt/devkitPro/devkitARM/lib/gcc/arm-eabi/4.3.3/thumb/libgcc.a(_fixdfsi.o)
                0x020266d0                __fixdfsi
                0x020266d0                __aeabi_d2iz
 .text          0x0202672c       0x54 /opt/devkitPro/devkitARM/lib/gcc/arm-eabi/4.3.3/thumb/libgcc.a(_fixunsdfsi.o)
                0x0202672c                __fixunsdfsi
                0x0202672c                __aeabi_d2uiz
 .text          0x02026780       0xa0 /opt/devkitPro/devkitARM/lib/gcc/arm-eabi/4.3.3/thumb/libgcc.a(_truncdfsf2.o)
                0x02026780                __aeabi_d2f
                0x02026780                __truncdfsf2
 .text          0x02026820        0x0 /opt/devkitPro/devkitARM/lib/gcc/arm-eabi/4.3.3/thumb/crtend.o
 .text          0x02026820        0x0 /opt/devkitPro/devkitARM/lib/gcc/arm-eabi/4.3.3/thumb/crtn.o
 *(.text.*)
 *(.stub)
 *(.gnu.warning)
 *(.gnu.linkonce.t*)
 *(.glue_7)
 .glue_7        0x02026820        0x0 /opt/devkitPro/devkitARM/lib/gcc/arm-eabi/4.3.3/../../../../arm-eabi/lib/thumb/ds_arm9_crt0.o
 .glue_7        0x02026820        0x0 /opt/devkitPro/devkitARM/lib/gcc/arm-eabi/4.3.3/thumb/crti.o
 .glue_7        0x02026820        0x0 /opt/devkitPro/devkitARM/lib/gcc/arm-eabi/4.3.3/thumb/crtbegin.o
 .glue_7        0x02026820        0x0 soundbank.bin.o
 .glue_7        0x02026820        0x0 fleche.o
 .glue_7        0x02026820        0x0 grid.o
 .glue_7        0x02026820        0x0 LevelDisp.o
 .glue_7        0x02026820        0x0 rocketDOWN.o
 .glue_7        0x02026820        0x0 rocketLEFT.o
 .glue_7        0x02026820        0x0 rocketRIGHT.o
 .glue_7        0x02026820        0x0 rocketUP.o
 .glue_7        0x02026820        0x0 space.o
 .glue_7        0x02026820        0x0 space_wifi.o
 .glue_7        0x02026820        0x0 Audio.o
 .glue_7        0x02026820        0x0 gamedynamics.o
 .glue_7        0x02026820        0x0 Graphics.o
 .glue_7        0x02026820        0x0 main.o
 .glue_7        0x02026820        0x0 memory.o
 .glue_7        0x02026820        0x0 WiFi_minilib.o
 .glue_7        0x02026820        0x0 /opt/devkitPro/libnds/lib/libdswifi9.a(sgIP_Hub.o)
 .glue_7        0x02026820        0x0 /opt/devkitPro/libnds/lib/libdswifi9.a(sgIP_memblock.o)
 .glue_7        0x02026820        0x0 /opt/devkitPro/libnds/lib/libdswifi9.a(sgIP_sockets.o)
 .glue_7        0x02026820        0x0 /opt/devkitPro/libnds/lib/libdswifi9.a(wifi_arm9.o)
 .glue_7        0x02026820        0x0 /opt/devkitPro/libnds/lib/libdswifi9.a(spinlock.o)
 .glue_7        0x02026820        0x0 /opt/devkitPro/libnds/lib/libdswifi9.a(sgIP.o)
 .glue_7        0x02026820        0x0 /opt/devkitPro/libnds/lib/libdswifi9.a(sgIP_ARP.o)
 .glue_7        0x02026820        0x0 /opt/devkitPro/libnds/lib/libdswifi9.a(sgIP_DHCP.o)
 .glue_7        0x02026820        0x0 /opt/devkitPro/libnds/lib/libdswifi9.a(sgIP_DNS.o)
 .glue_7        0x02026820        0x0 /opt/devkitPro/libnds/lib/libdswifi9.a(sgIP_IP.o)
 .glue_7        0x02026820        0x0 /opt/devkitPro/libnds/lib/libdswifi9.a(sgIP_TCP.o)
 .glue_7        0x02026820        0x0 /opt/devkitPro/libnds/lib/libdswifi9.a(sgIP_UDP.o)
 .glue_7        0x02026820        0x0 /opt/devkitPro/libnds/lib/libdswifi9.a(sgIP_ICMP.o)
 .glue_7        0x02026820        0x0 /opt/devkitPro/libnds/lib/libfat.a(libfat.o)
 .glue_7        0x02026820        0x0 /opt/devkitPro/libnds/lib/libfat.a(partition.o)
 .glue_7        0x02026820        0x0 /opt/devkitPro/libnds/lib/libfat.a(cache.o)
 .glue_7        0x02026820        0x0 /opt/devkitPro/libnds/lib/libfat.a(disc.o)
 .glue_7        0x02026820        0x0 /opt/devkitPro/libnds/lib/libfat.a(fatdir.o)
 .glue_7        0x02026820        0x0 /opt/devkitPro/libnds/lib/libfat.a(fatfile.o)
 .glue_7        0x02026820        0x0 /opt/devkitPro/libnds/lib/libfat.a(file_allocation_table.o)
 .glue_7        0x02026820        0x0 /opt/devkitPro/libnds/lib/libfat.a(filetime.o)
 .glue_7        0x02026820        0x0 /opt/devkitPro/libnds/lib/libfat.a(directory.o)
 .glue_7        0x02026820        0x0 /opt/devkitPro/libnds/lib/libnds9.a(console.o)
 .glue_7        0x02026820        0x0 /opt/devkitPro/libnds/lib/libnds9.a(initSystem.o)
 .glue_7        0x02026820        0x0 /opt/devkitPro/libnds/lib/libnds9.a(keys.o)
 .glue_7        0x02026820        0x0 /opt/devkitPro/libnds/lib/libnds9.a(sprite.o)
 .glue_7        0x02026820        0x0 /opt/devkitPro/libnds/lib/libnds9.a(sprite_alloc.o)
 .glue_7        0x02026820        0x0 /opt/devkitPro/libnds/lib/libnds9.a(system.o)
 .glue_7        0x02026820        0x0 /opt/devkitPro/libnds/lib/libnds9.a(touch.o)
 .glue_7        0x02026820        0x0 /opt/devkitPro/libnds/lib/libnds9.a(trig.o)
 .glue_7        0x02026820        0x0 /opt/devkitPro/libnds/lib/libnds9.a(video.o)
 .glue_7        0x02026820        0x0 /opt/devkitPro/libnds/lib/libnds9.a(videoGL.o)
 .glue_7        0x02026820        0x0 /opt/devkitPro/libnds/lib/libnds9.a(dldi.o)
 .glue_7        0x02026820        0x0 /opt/devkitPro/libnds/lib/libnds9.a(fifosystem.o)
 .glue_7        0x02026820        0x0 /opt/devkitPro/libnds/lib/libnds9.a(interrupts.o)
 .glue_7        0x02026820        0x0 /opt/devkitPro/libnds/lib/libnds9.a(dcache.o)
 .glue_7        0x02026820        0x0 /opt/devkitPro/libnds/lib/libnds9.a(dldi_stub.o)
 .glue_7        0x02026820        0x0 /opt/devkitPro/libnds/lib/libnds9.a(biosCalls.o)
 .glue_7        0x02026820        0x0 /opt/devkitPro/libnds/lib/libnds9.a(debugprint.o)
 .glue_7        0x02026820        0x0 /opt/devkitPro/libnds/lib/libnds9.a(interruptDispatcher.o)
 .glue_7        0x02026820        0x0 /opt/devkitPro/libnds/lib/libnds9.a(default_font.bin.o)
 .glue_7        0x02026820        0x0 /opt/devkitPro/libnds/lib/libnds9.a(background.o)
 .glue_7        0x02026820        0x0 /opt/devkitPro/libnds/lib/libmm9.a(mm_comms.o)
 .glue_7        0x02026820        0x0 /opt/devkitPro/libnds/lib/libmm9.a(mm_main9.o)
 .glue_7        0x02026820        0x0 /opt/devkitPro/libnds/lib/libmm9.a(mm_memory.o)
 .glue_7        0x02026820        0x0 /opt/devkitPro/libnds/lib/libmm9.a(mm_soundbank.o)
 .glue_7        0x02026820        0x0 /opt/devkitPro/libnds/lib/libmm9.a(mm_flusher.o)
 .glue_7        0x02026820        0x0 /opt/devkitPro/devkitARM/lib/gcc/arm-eabi/4.3.3/thumb/libgcc.a(_udivsi3.o)
 .glue_7        0x02026820        0x0 /opt/devkitPro/devkitARM/lib/gcc/arm-eabi/4.3.3/thumb/libgcc.a(_divsi3.o)
 .glue_7        0x02026820        0x0 /opt/devkitPro/devkitARM/lib/gcc/arm-eabi/4.3.3/thumb/libgcc.a(_dvmd_tls.o)
 .glue_7        0x02026820        0x0 /opt/devkitPro/devkitARM/lib/gcc/arm-eabi/4.3.3/thumb/libgcc.a(_muldi3.o)
 .glue_7        0x02026820        0x0 /opt/devkitPro/devkitARM/lib/gcc/arm-eabi/4.3.3/../../../../arm-eabi/lib/thumb/libg.a(lib_a-bsearch.o)
 .glue_7        0x02026820        0x0 /opt/devkitPro/devkitARM/lib/gcc/arm-eabi/4.3.3/../../../../arm-eabi/lib/thumb/libg.a(lib_a-errno.o)
 .glue_7        0x02026820        0x0 /opt/devkitPro/devkitARM/lib/gcc/arm-eabi/4.3.3/../../../../arm-eabi/lib/thumb/libg.a(lib_a-fclose.o)
 .glue_7        0x02026820        0x0 /opt/devkitPro/devkitARM/lib/gcc/arm-eabi/4.3.3/../../../../arm-eabi/lib/thumb/libg.a(lib_a-fflush.o)
 .glue_7        0x02026820        0x0 /opt/devkitPro/devkitARM/lib/gcc/arm-eabi/4.3.3/../../../../arm-eabi/lib/thumb/libg.a(lib_a-findfp.o)
 .glue_7        0x02026820        0x0 /opt/devkitPro/devkitARM/lib/gcc/arm-eabi/4.3.3/../../../../arm-eabi/lib/thumb/libg.a(lib_a-fopen.o)
 .glue_7        0x02026820        0x0 /opt/devkitPro/devkitARM/lib/gcc/arm-eabi/4.3.3/../../../../arm-eabi/lib/thumb/libg.a(lib_a-fprintf.o)
 .glue_7        0x02026820        0x0 /opt/devkitPro/devkitARM/lib/gcc/arm-eabi/4.3.3/../../../../arm-eabi/lib/thumb/libg.a(lib_a-fread.o)
 .glue_7        0x02026820        0x0 /opt/devkitPro/devkitARM/lib/gcc/arm-eabi/4.3.3/../../../../arm-eabi/lib/thumb/libg.a(lib_a-freer.o)
 .glue_7        0x02026820        0x0 /opt/devkitPro/devkitARM/lib/gcc/arm-eabi/4.3.3/../../../../arm-eabi/lib/thumb/libg.a(lib_a-fscanf.o)
 .glue_7        0x02026820        0x0 /opt/devkitPro/devkitARM/lib/gcc/arm-eabi/4.3.3/../../../../arm-eabi/lib/thumb/libg.a(lib_a-fseek.o)
 .glue_7        0x02026820        0x0 /opt/devkitPro/devkitARM/lib/gcc/arm-eabi/4.3.3/../../../../arm-eabi/lib/thumb/libg.a(lib_a-fwalk.o)
 .glue_7        0x02026820        0x0 /opt/devkitPro/devkitARM/lib/gcc/arm-eabi/4.3.3/../../../../arm-eabi/lib/thumb/libg.a(lib_a-impure.o)
 .glue_7        0x02026820        0x0 /opt/devkitPro/devkitARM/lib/gcc/arm-eabi/4.3.3/../../../../arm-eabi/lib/thumb/libg.a(lib_a-init.o)
 .glue_7        0x02026820        0x0 /opt/devkitPro/devkitARM/lib/gcc/arm-eabi/4.3.3/../../../../arm-eabi/lib/thumb/libg.a(lib_a-iprintf.o)
 .glue_7        0x02026820        0x0 /opt/devkitPro/devkitARM/lib/gcc/arm-eabi/4.3.3/../../../../arm-eabi/lib/thumb/libg.a(lib_a-lcltime_r.o)
 .glue_7        0x02026820        0x0 /opt/devkitPro/devkitARM/lib/gcc/arm-eabi/4.3.3/../../../../arm-eabi/lib/thumb/libg.a(lib_a-locale.o)
 .glue_7        0x02026820        0x0 /opt/devkitPro/devkitARM/lib/gcc/arm-eabi/4.3.3/../../../../arm-eabi/lib/thumb/libg.a(lib_a-makebuf.o)
 .glue_7        0x02026820        0x0 /opt/devkitPro/devkitARM/lib/gcc/arm-eabi/4.3.3/../../../../arm-eabi/lib/thumb/libg.a(lib_a-malloc.o)
 .glue_7        0x02026820        0x0 /opt/devkitPro/devkitARM/lib/gcc/arm-eabi/4.3.3/../../../../arm-eabi/lib/thumb/libg.a(lib_a-mallocr.o)
 .glue_7        0x02026820        0x0 /opt/devkitPro/devkitARM/lib/gcc/arm-eabi/4.3.3/../../../../arm-eabi/lib/thumb/libg.a(lib_a-mbrtowc.o)
 .glue_7        0x02026820        0x0 /opt/devkitPro/devkitARM/lib/gcc/arm-eabi/4.3.3/../../../../arm-eabi/lib/thumb/libg.a(lib_a-mbsrtowcs.o)
 .glue_7        0x02026820        0x0 /opt/devkitPro/devkitARM/lib/gcc/arm-eabi/4.3.3/../../../../arm-eabi/lib/thumb/libg.a(lib_a-mbtowc_r.o)
 .glue_7        0x02026820        0x0 /opt/devkitPro/devkitARM/lib/gcc/arm-eabi/4.3.3/../../../../arm-eabi/lib/thumb/libg.a(lib_a-memcmp.o)
 .glue_7        0x02026820        0x0 /opt/devkitPro/devkitARM/lib/gcc/arm-eabi/4.3.3/../../../../arm-eabi/lib/thumb/libg.a(lib_a-memcpy.o)
 .glue_7        0x02026820        0x0 /opt/devkitPro/devkitARM/lib/gcc/arm-eabi/4.3.3/../../../../arm-eabi/lib/thumb/libg.a(lib_a-memmove.o)
 .glue_7        0x02026820        0x0 /opt/devkitPro/devkitARM/lib/gcc/arm-eabi/4.3.3/../../../../arm-eabi/lib/thumb/libg.a(lib_a-memset.o)
 .glue_7        0x02026820        0x0 /opt/devkitPro/devkitARM/lib/gcc/arm-eabi/4.3.3/../../../../arm-eabi/lib/thumb/libg.a(lib_a-mktime.o)
 .glue_7        0x02026820        0x0 /opt/devkitPro/devkitARM/lib/gcc/arm-eabi/4.3.3/../../../../arm-eabi/lib/thumb/libg.a(lib_a-mktm_r.o)
 .glue_7        0x02026820        0x0 /opt/devkitPro/devkitARM/lib/gcc/arm-eabi/4.3.3/../../../../arm-eabi/lib/thumb/libg.a(lib_a-mlock.o)
 .glue_7        0x02026820        0x0 /opt/devkitPro/devkitARM/lib/gcc/arm-eabi/4.3.3/../../../../arm-eabi/lib/thumb/libg.a(lib_a-printf.o)
 .glue_7        0x02026820        0x0 /opt/devkitPro/devkitARM/lib/gcc/arm-eabi/4.3.3/../../../../arm-eabi/lib/thumb/libg.a(lib_a-realloc.o)
 .glue_7        0x02026820        0x0 /opt/devkitPro/devkitARM/lib/gcc/arm-eabi/4.3.3/../../../../arm-eabi/lib/thumb/libg.a(lib_a-reallocr.o)
 .glue_7        0x02026820        0x0 /opt/devkitPro/devkitARM/lib/gcc/arm-eabi/4.3.3/../../../../arm-eabi/lib/thumb/libg.a(lib_a-refill.o)
 .glue_7        0x02026820        0x0 /opt/devkitPro/devkitARM/lib/gcc/arm-eabi/4.3.3/../../../../arm-eabi/lib/thumb/libg.a(lib_a-setvbuf.o)
 .glue_7        0x02026820        0x0 /opt/devkitPro/devkitARM/lib/gcc/arm-eabi/4.3.3/../../../../arm-eabi/lib/thumb/libg.a(lib_a-siscanf.o)
 .glue_7        0x02026820        0x0 /opt/devkitPro/devkitARM/lib/gcc/arm-eabi/4.3.3/../../../../arm-eabi/lib/thumb/libg.a(lib_a-stdio.o)
 .glue_7        0x02026820        0x0 /opt/devkitPro/devkitARM/lib/gcc/arm-eabi/4.3.3/../../../../arm-eabi/lib/thumb/libg.a(lib_a-strchr.o)
 .glue_7        0x02026820        0x0 /opt/devkitPro/devkitARM/lib/gcc/arm-eabi/4.3.3/../../../../arm-eabi/lib/thumb/libg.a(lib_a-strcmp.o)
 .glue_7        0x02026820        0x0 /opt/devkitPro/devkitARM/lib/gcc/arm-eabi/4.3.3/../../../../arm-eabi/lib/thumb/libg.a(lib_a-strcpy.o)
 .glue_7        0x02026820        0x0 /opt/devkitPro/devkitARM/lib/gcc/arm-eabi/4.3.3/../../../../arm-eabi/lib/thumb/libg.a(lib_a-strlen.o)
 .glue_7        0x02026820        0x0 /opt/devkitPro/devkitARM/lib/gcc/arm-eabi/4.3.3/../../../../arm-eabi/lib/thumb/libg.a(lib_a-strncasecmp.o)
 .glue_7        0x02026820        0x0 /opt/devkitPro/devkitARM/lib/gcc/arm-eabi/4.3.3/../../../../arm-eabi/lib/thumb/libg.a(lib_a-strncmp.o)
 .glue_7        0x02026820        0x0 /opt/devkitPro/devkitARM/lib/gcc/arm-eabi/4.3.3/../../../../arm-eabi/lib/thumb/libg.a(lib_a-strncpy.o)
 .glue_7        0x02026820        0x0 /opt/devkitPro/devkitARM/lib/gcc/arm-eabi/4.3.3/../../../../arm-eabi/lib/thumb/libg.a(lib_a-strnlen.o)
 .glue_7        0x02026820        0x0 /opt/devkitPro/devkitARM/lib/gcc/arm-eabi/4.3.3/../../../../arm-eabi/lib/thumb/libg.a(lib_a-strpbrk.o)
 .glue_7        0x02026820        0x0 /opt/devkitPro/devkitARM/lib/gcc/arm-eabi/4.3.3/../../../../arm-eabi/lib/thumb/libg.a(lib_a-strrchr.o)
 .glue_7        0x02026820        0x0 /opt/devkitPro/devkitARM/lib/gcc/arm-eabi/4.3.3/../../../../arm-eabi/lib/thumb/libg.a(lib_a-svfiscanf.o)
 .glue_7        0x02026820        0x0 /opt/devkitPro/devkitARM/lib/gcc/arm-eabi/4.3.3/../../../../arm-eabi/lib/thumb/libg.a(lib_a-sysclose.o)
 .glue_7        0x02026820        0x0 /opt/devkitPro/devkitARM/lib/gcc/arm-eabi/4.3.3/../../../../arm-eabi/lib/thumb/libg.a(lib_a-syslseek.o)
 .glue_7        0x02026820        0x0 /opt/devkitPro/devkitARM/lib/gcc/arm-eabi/4.3.3/../../../../arm-eabi/lib/thumb/libg.a(lib_a-sysopen.o)
 .glue_7        0x02026820        0x0 /opt/devkitPro/devkitARM/lib/gcc/arm-eabi/4.3.3/../../../../arm-eabi/lib/thumb/libg.a(lib_a-sysread.o)
 .glue_7        0x02026820        0x0 /opt/devkitPro/devkitARM/lib/gcc/arm-eabi/4.3.3/../../../../arm-eabi/lib/thumb/libg.a(lib_a-time.o)
 .glue_7        0x02026820        0x0 /opt/devkitPro/devkitARM/lib/gcc/arm-eabi/4.3.3/../../../../arm-eabi/lib/thumb/libg.a(lib_a-towlower.o)
 .glue_7        0x02026820        0x0 /opt/devkitPro/devkitARM/lib/gcc/arm-eabi/4.3.3/../../../../arm-eabi/lib/thumb/libg.a(lib_a-towupper.o)
 .glue_7        0x02026820        0x0 /opt/devkitPro/devkitARM/lib/gcc/arm-eabi/4.3.3/../../../../arm-eabi/lib/thumb/libg.a(lib_a-tzlock.o)
 .glue_7        0x02026820        0x0 /opt/devkitPro/devkitARM/lib/gcc/arm-eabi/4.3.3/../../../../arm-eabi/lib/thumb/libg.a(lib_a-tzvars.o)
 .glue_7        0x02026820        0x0 /opt/devkitPro/devkitARM/lib/gcc/arm-eabi/4.3.3/../../../../arm-eabi/lib/thumb/libg.a(lib_a-ungetc.o)
 .glue_7        0x02026820        0x0 /opt/devkitPro/devkitARM/lib/gcc/arm-eabi/4.3.3/../../../../arm-eabi/lib/thumb/libg.a(lib_a-vfiprintf.o)
 .glue_7        0x02026820        0x0 /opt/devkitPro/devkitARM/lib/gcc/arm-eabi/4.3.3/../../../../arm-eabi/lib/thumb/libg.a(lib_a-vfprintf.o)
 .glue_7        0x02026820        0x0 /opt/devkitPro/devkitARM/lib/gcc/arm-eabi/4.3.3/../../../../arm-eabi/lib/thumb/libg.a(lib_a-vfscanf.o)
 .glue_7        0x02026820        0x0 /opt/devkitPro/devkitARM/lib/gcc/arm-eabi/4.3.3/../../../../arm-eabi/lib/thumb/libg.a(lib_a-wcrtomb.o)
 .glue_7        0x02026820        0x0 /opt/devkitPro/devkitARM/lib/gcc/arm-eabi/4.3.3/../../../../arm-eabi/lib/thumb/libg.a(lib_a-wcsrtombs.o)
 .glue_7        0x02026820        0x0 /opt/devkitPro/devkitARM/lib/gcc/arm-eabi/4.3.3/../../../../arm-eabi/lib/thumb/libg.a(lib_a-wctob.o)
 .glue_7        0x02026820        0x0 /opt/devkitPro/devkitARM/lib/gcc/arm-eabi/4.3.3/../../../../arm-eabi/lib/thumb/libg.a(lib_a-wctomb_r.o)
 .glue_7        0x02026820        0x0 /opt/devkitPro/devkitARM/lib/gcc/arm-eabi/4.3.3/../../../../arm-eabi/lib/thumb/libg.a(lib_a-wsetup.o)
 .glue_7        0x02026820        0x0 /opt/devkitPro/devkitARM/lib/gcc/arm-eabi/4.3.3/../../../../arm-eabi/lib/thumb/libg.a(lib_a-ctype_.o)
 .glue_7        0x02026820        0x0 /opt/devkitPro/devkitARM/lib/gcc/arm-eabi/4.3.3/../../../../arm-eabi/lib/thumb/libg.a(lib_a-div.o)
 .glue_7        0x02026820        0x0 /opt/devkitPro/devkitARM/lib/gcc/arm-eabi/4.3.3/../../../../arm-eabi/lib/thumb/libg.a(lib_a-dtoa.o)
 .glue_7        0x02026820        0x0 /opt/devkitPro/devkitARM/lib/gcc/arm-eabi/4.3.3/../../../../arm-eabi/lib/thumb/libg.a(lib_a-flags.o)
 .glue_7        0x02026820        0x0 /opt/devkitPro/devkitARM/lib/gcc/arm-eabi/4.3.3/../../../../arm-eabi/lib/thumb/libg.a(lib_a-fvwrite.o)
 .glue_7        0x02026820        0x0 /opt/devkitPro/devkitARM/lib/gcc/arm-eabi/4.3.3/../../../../arm-eabi/lib/thumb/libg.a(lib_a-gettzinfo.o)
 .glue_7        0x02026820        0x0 /opt/devkitPro/devkitARM/lib/gcc/arm-eabi/4.3.3/../../../../arm-eabi/lib/thumb/libg.a(lib_a-iswspace.o)
 .glue_7        0x02026820        0x0 /opt/devkitPro/devkitARM/lib/gcc/arm-eabi/4.3.3/../../../../arm-eabi/lib/thumb/libg.a(lib_a-jp2uc.o)
 .glue_7        0x02026820        0x0 /opt/devkitPro/devkitARM/lib/gcc/arm-eabi/4.3.3/../../../../arm-eabi/lib/thumb/libg.a(lib_a-memchr.o)
 .glue_7        0x02026820        0x0 /opt/devkitPro/devkitARM/lib/gcc/arm-eabi/4.3.3/../../../../arm-eabi/lib/thumb/libg.a(lib_a-mprec.o)
 .glue_7        0x02026820        0x0 /opt/devkitPro/devkitARM/lib/gcc/arm-eabi/4.3.3/../../../../arm-eabi/lib/thumb/libg.a(lib_a-s_isinfd.o)
 .glue_7        0x02026820        0x0 /opt/devkitPro/devkitARM/lib/gcc/arm-eabi/4.3.3/../../../../arm-eabi/lib/thumb/libg.a(lib_a-s_isnand.o)
 .glue_7        0x02026820        0x0 /opt/devkitPro/devkitARM/lib/gcc/arm-eabi/4.3.3/../../../../arm-eabi/lib/thumb/libg.a(lib_a-sccl.o)
 .glue_7        0x02026820        0x0 /opt/devkitPro/devkitARM/lib/gcc/arm-eabi/4.3.3/../../../../arm-eabi/lib/thumb/libg.a(lib_a-sf_nan.o)
 .glue_7        0x02026820        0x0 /opt/devkitPro/devkitARM/lib/gcc/arm-eabi/4.3.3/../../../../arm-eabi/lib/thumb/libg.a(lib_a-sprintf.o)
 .glue_7        0x02026820        0x0 /opt/devkitPro/devkitARM/lib/gcc/arm-eabi/4.3.3/../../../../arm-eabi/lib/thumb/libg.a(lib_a-strtod.o)
 .glue_7        0x02026820        0x0 /opt/devkitPro/devkitARM/lib/gcc/arm-eabi/4.3.3/../../../../arm-eabi/lib/thumb/libg.a(lib_a-strtol.o)
 .glue_7        0x02026820        0x0 /opt/devkitPro/devkitARM/lib/gcc/arm-eabi/4.3.3/../../../../arm-eabi/lib/thumb/libg.a(lib_a-strtoul.o)
 .glue_7        0x02026820        0x0 /opt/devkitPro/devkitARM/lib/gcc/arm-eabi/4.3.3/../../../../arm-eabi/lib/thumb/libg.a(lib_a-svfprintf.o)
 .glue_7        0x02026820        0x0 /opt/devkitPro/devkitARM/lib/gcc/arm-eabi/4.3.3/../../../../arm-eabi/lib/thumb/libg.a(lib_a-callocr.o)
 .glue_7        0x02026820        0x0 /opt/devkitPro/devkitARM/lib/gcc/arm-eabi/4.3.3/../../../../arm-eabi/lib/thumb/libg.a(lib_a-gdtoa-gethex.o)
 .glue_7        0x02026820        0x0 /opt/devkitPro/devkitARM/lib/gcc/arm-eabi/4.3.3/../../../../arm-eabi/lib/thumb/libg.a(lib_a-gdtoa-hexnan.o)
 .glue_7        0x02026820        0x0 /opt/devkitPro/devkitARM/lib/gcc/arm-eabi/4.3.3/../../../../arm-eabi/lib/thumb/libsysbase.a(iosupport.o)
 .glue_7        0x02026820        0x0 /opt/devkitPro/devkitARM/lib/gcc/arm-eabi/4.3.3/../../../../arm-eabi/lib/thumb/libsysbase.a(close.o)
 .glue_7        0x02026820        0x0 /opt/devkitPro/devkitARM/lib/gcc/arm-eabi/4.3.3/../../../../arm-eabi/lib/thumb/libsysbase.a(fstat.o)
 .glue_7        0x02026820        0x0 /opt/devkitPro/devkitARM/lib/gcc/arm-eabi/4.3.3/../../../../arm-eabi/lib/thumb/libsysbase.a(isatty.o)
 .glue_7        0x02026820        0x0 /opt/devkitPro/devkitARM/lib/gcc/arm-eabi/4.3.3/../../../../arm-eabi/lib/thumb/libsysbase.a(lseek.o)
 .glue_7        0x02026820        0x0 /opt/devkitPro/devkitARM/lib/gcc/arm-eabi/4.3.3/../../../../arm-eabi/lib/thumb/libsysbase.a(open.o)
 .glue_7        0x02026820        0x0 /opt/devkitPro/devkitARM/lib/gcc/arm-eabi/4.3.3/../../../../arm-eabi/lib/thumb/libsysbase.a(read.o)
 .glue_7        0x02026820        0x0 /opt/devkitPro/devkitARM/lib/gcc/arm-eabi/4.3.3/../../../../arm-eabi/lib/thumb/libsysbase.a(sbrk.o)
 .glue_7        0x02026820        0x0 /opt/devkitPro/devkitARM/lib/gcc/arm-eabi/4.3.3/../../../../arm-eabi/lib/thumb/libsysbase.a(times.o)
 .glue_7        0x02026820        0x0 /opt/devkitPro/devkitARM/lib/gcc/arm-eabi/4.3.3/../../../../arm-eabi/lib/thumb/libsysbase.a(write.o)
 .glue_7        0x02026820        0x0 /opt/devkitPro/devkitARM/lib/gcc/arm-eabi/4.3.3/../../../../arm-eabi/lib/thumb/libsysbase.a(malloc_vars.o)
 .glue_7        0x02026820        0x0 /opt/devkitPro/devkitARM/lib/gcc/arm-eabi/4.3.3/../../../../arm-eabi/lib/thumb/libsysbase.a(chdir.o)
 .glue_7        0x02026820        0x0 /opt/devkitPro/devkitARM/lib/gcc/arm-eabi/4.3.3/../../../../arm-eabi/lib/thumb/libsysbase.a(build_argv.o)
 .glue_7        0x02026820        0x0 /opt/devkitPro/devkitARM/lib/gcc/arm-eabi/4.3.3/../../../../arm-eabi/lib/thumb/libsysbase.a(handle_manager.o)
 .glue_7        0x02026820        0x0 /opt/devkitPro/devkitARM/lib/gcc/arm-eabi/4.3.3/thumb/libgcc.a(_addsubdf3.o)
 .glue_7        0x02026820        0x0 /opt/devkitPro/devkitARM/lib/gcc/arm-eabi/4.3.3/thumb/libgcc.a(_muldivdf3.o)
 .glue_7        0x02026820        0x0 /opt/devkitPro/devkitARM/lib/gcc/arm-eabi/4.3.3/thumb/libgcc.a(_cmpdf2.o)
 .glue_7        0x02026820        0x0 /opt/devkitPro/devkitARM/lib/gcc/arm-eabi/4.3.3/thumb/libgcc.a(_fixdfsi.o)
 .glue_7        0x02026820        0x0 /opt/devkitPro/devkitARM/lib/gcc/arm-eabi/4.3.3/thumb/libgcc.a(_fixunsdfsi.o)
 .glue_7        0x02026820        0x0 /opt/devkitPro/devkitARM/lib/gcc/arm-eabi/4.3.3/thumb/libgcc.a(_truncdfsf2.o)
 .glue_7        0x02026820        0x0 /opt/devkitPro/devkitARM/lib/gcc/arm-eabi/4.3.3/thumb/crtend.o
 .glue_7        0x02026820        0x0 /opt/devkitPro/devkitARM/lib/gcc/arm-eabi/4.3.3/thumb/crtn.o
 *(.glue_7t)
 .glue_7t       0x02026820        0x0 /opt/devkitPro/devkitARM/lib/gcc/arm-eabi/4.3.3/../../../../arm-eabi/lib/thumb/ds_arm9_crt0.o
 .glue_7t       0x02026820        0x0 /opt/devkitPro/devkitARM/lib/gcc/arm-eabi/4.3.3/thumb/crti.o
 .glue_7t       0x02026820        0x0 /opt/devkitPro/devkitARM/lib/gcc/arm-eabi/4.3.3/thumb/crtbegin.o
 .glue_7t       0x02026820        0x0 soundbank.bin.o
 .glue_7t       0x02026820        0x0 fleche.o
 .glue_7t       0x02026820        0x0 grid.o
 .glue_7t       0x02026820        0x0 LevelDisp.o
 .glue_7t       0x02026820        0x0 rocketDOWN.o
 .glue_7t       0x02026820        0x0 rocketLEFT.o
 .glue_7t       0x02026820        0x0 rocketRIGHT.o
 .glue_7t       0x02026820        0x0 rocketUP.o
 .glue_7t       0x02026820        0x0 space.o
 .glue_7t       0x02026820        0x0 space_wifi.o
 .glue_7t       0x02026820        0x0 Audio.o
 .glue_7t       0x02026820        0x0 gamedynamics.o
 .glue_7t       0x02026820        0x0 Graphics.o
 .glue_7t       0x02026820        0x0 main.o
 .glue_7t       0x02026820        0x0 memory.o
 .glue_7t       0x02026820        0x0 WiFi_minilib.o
 .glue_7t       0x02026820        0x0 /opt/devkitPro/libnds/lib/libdswifi9.a(sgIP_Hub.o)
 .glue_7t       0x02026820        0x0 /opt/devkitPro/libnds/lib/libdswifi9.a(sgIP_memblock.o)
 .glue_7t       0x02026820        0x0 /opt/devkitPro/libnds/lib/libdswifi9.a(sgIP_sockets.o)
 .glue_7t       0x02026820        0x0 /opt/devkitPro/libnds/lib/libdswifi9.a(wifi_arm9.o)
 .glue_7t       0x02026820        0x0 /opt/devkitPro/libnds/lib/libdswifi9.a(spinlock.o)
 .glue_7t       0x02026820        0x0 /opt/devkitPro/libnds/lib/libdswifi9.a(sgIP.o)
 .glue_7t       0x02026820        0x0 /opt/devkitPro/libnds/lib/libdswifi9.a(sgIP_ARP.o)
 .glue_7t       0x02026820        0x0 /opt/devkitPro/libnds/lib/libdswifi9.a(sgIP_DHCP.o)
 .glue_7t       0x02026820        0x0 /opt/devkitPro/libnds/lib/libdswifi9.a(sgIP_DNS.o)
 .glue_7t       0x02026820        0x0 /opt/devkitPro/libnds/lib/libdswifi9.a(sgIP_IP.o)
 .glue_7t       0x02026820        0x0 /opt/devkitPro/libnds/lib/libdswifi9.a(sgIP_TCP.o)
 .glue_7t       0x02026820        0x0 /opt/devkitPro/libnds/lib/libdswifi9.a(sgIP_UDP.o)
 .glue_7t       0x02026820        0x0 /opt/devkitPro/libnds/lib/libdswifi9.a(sgIP_ICMP.o)
 .glue_7t       0x02026820        0x0 /opt/devkitPro/libnds/lib/libfat.a(libfat.o)
 .glue_7t       0x02026820        0x0 /opt/devkitPro/libnds/lib/libfat.a(partition.o)
 .glue_7t       0x02026820        0x0 /opt/devkitPro/libnds/lib/libfat.a(cache.o)
 .glue_7t       0x02026820        0x0 /opt/devkitPro/libnds/lib/libfat.a(disc.o)
 .glue_7t       0x02026820        0x0 /opt/devkitPro/libnds/lib/libfat.a(fatdir.o)
 .glue_7t       0x02026820        0x0 /opt/devkitPro/libnds/lib/libfat.a(fatfile.o)
 .glue_7t       0x02026820        0x0 /opt/devkitPro/libnds/lib/libfat.a(file_allocation_table.o)
 .glue_7t       0x02026820        0x0 /opt/devkitPro/libnds/lib/libfat.a(filetime.o)
 .glue_7t       0x02026820        0x0 /opt/devkitPro/libnds/lib/libfat.a(directory.o)
 .glue_7t       0x02026820        0x0 /opt/devkitPro/libnds/lib/libnds9.a(console.o)
 .glue_7t       0x02026820        0x0 /opt/devkitPro/libnds/lib/libnds9.a(initSystem.o)
 .glue_7t       0x02026820        0x0 /opt/devkitPro/libnds/lib/libnds9.a(keys.o)
 .glue_7t       0x02026820        0x0 /opt/devkitPro/libnds/lib/libnds9.a(sprite.o)
 .glue_7t       0x02026820        0x0 /opt/devkitPro/libnds/lib/libnds9.a(sprite_alloc.o)
 .glue_7t       0x02026820        0x0 /opt/devkitPro/libnds/lib/libnds9.a(system.o)
 .glue_7t       0x02026820        0x0 /opt/devkitPro/libnds/lib/libnds9.a(touch.o)
 .glue_7t       0x02026820        0x0 /opt/devkitPro/libnds/lib/libnds9.a(trig.o)
 .glue_7t       0x02026820        0x0 /opt/devkitPro/libnds/lib/libnds9.a(video.o)
 .glue_7t       0x02026820        0x0 /opt/devkitPro/libnds/lib/libnds9.a(videoGL.o)
 .glue_7t       0x02026820        0x0 /opt/devkitPro/libnds/lib/libnds9.a(dldi.o)
 .glue_7t       0x02026820        0x0 /opt/devkitPro/libnds/lib/libnds9.a(fifosystem.o)
 .glue_7t       0x02026820        0x0 /opt/devkitPro/libnds/lib/libnds9.a(interrupts.o)
 .glue_7t       0x02026820        0x0 /opt/devkitPro/libnds/lib/libnds9.a(dcache.o)
 .glue_7t       0x02026820        0x0 /opt/devkitPro/libnds/lib/libnds9.a(dldi_stub.o)
 .glue_7t       0x02026820        0x0 /opt/devkitPro/libnds/lib/libnds9.a(biosCalls.o)
 .glue_7t       0x02026820        0x0 /opt/devkitPro/libnds/lib/libnds9.a(debugprint.o)
 .glue_7t       0x02026820        0x0 /opt/devkitPro/libnds/lib/libnds9.a(interruptDispatcher.o)
 .glue_7t       0x02026820        0x0 /opt/devkitPro/libnds/lib/libnds9.a(default_font.bin.o)
 .glue_7t       0x02026820        0x0 /opt/devkitPro/libnds/lib/libnds9.a(background.o)
 .glue_7t       0x02026820        0x0 /opt/devkitPro/libnds/lib/libmm9.a(mm_comms.o)
 .glue_7t       0x02026820        0x0 /opt/devkitPro/libnds/lib/libmm9.a(mm_main9.o)
 .glue_7t       0x02026820        0x0 /opt/devkitPro/libnds/lib/libmm9.a(mm_memory.o)
 .glue_7t       0x02026820        0x0 /opt/devkitPro/libnds/lib/libmm9.a(mm_soundbank.o)
 .glue_7t       0x02026820        0x0 /opt/devkitPro/libnds/lib/libmm9.a(mm_flusher.o)
 .glue_7t       0x02026820        0x0 /opt/devkitPro/devkitARM/lib/gcc/arm-eabi/4.3.3/thumb/libgcc.a(_udivsi3.o)
 .glue_7t       0x02026820        0x0 /opt/devkitPro/devkitARM/lib/gcc/arm-eabi/4.3.3/thumb/libgcc.a(_divsi3.o)
 .glue_7t       0x02026820        0x0 /opt/devkitPro/devkitARM/lib/gcc/arm-eabi/4.3.3/thumb/libgcc.a(_dvmd_tls.o)
 .glue_7t       0x02026820        0x0 /opt/devkitPro/devkitARM/lib/gcc/arm-eabi/4.3.3/thumb/libgcc.a(_muldi3.o)
 .glue_7t       0x02026820        0x0 /opt/devkitPro/devkitARM/lib/gcc/arm-eabi/4.3.3/../../../../arm-eabi/lib/thumb/libg.a(lib_a-bsearch.o)
 .glue_7t       0x02026820        0x0 /opt/devkitPro/devkitARM/lib/gcc/arm-eabi/4.3.3/../../../../arm-eabi/lib/thumb/libg.a(lib_a-errno.o)
 .glue_7t       0x02026820        0x0 /opt/devkitPro/devkitARM/lib/gcc/arm-eabi/4.3.3/../../../../arm-eabi/lib/thumb/libg.a(lib_a-fclose.o)
 .glue_7t       0x02026820        0x0 /opt/devkitPro/devkitARM/lib/gcc/arm-eabi/4.3.3/../../../../arm-eabi/lib/thumb/libg.a(lib_a-fflush.o)
 .glue_7t       0x02026820        0x0 /opt/devkitPro/devkitARM/lib/gcc/arm-eabi/4.3.3/../../../../arm-eabi/lib/thumb/libg.a(lib_a-findfp.o)
 .glue_7t       0x02026820        0x0 /opt/devkitPro/devkitARM/lib/gcc/arm-eabi/4.3.3/../../../../arm-eabi/lib/thumb/libg.a(lib_a-fopen.o)
 .glue_7t       0x02026820        0x0 /opt/devkitPro/devkitARM/lib/gcc/arm-eabi/4.3.3/../../../../arm-eabi/lib/thumb/libg.a(lib_a-fprintf.o)
 .glue_7t       0x02026820        0x0 /opt/devkitPro/devkitARM/lib/gcc/arm-eabi/4.3.3/../../../../arm-eabi/lib/thumb/libg.a(lib_a-fread.o)
 .glue_7t       0x02026820        0x0 /opt/devkitPro/devkitARM/lib/gcc/arm-eabi/4.3.3/../../../../arm-eabi/lib/thumb/libg.a(lib_a-freer.o)
 .glue_7t       0x02026820        0x0 /opt/devkitPro/devkitARM/lib/gcc/arm-eabi/4.3.3/../../../../arm-eabi/lib/thumb/libg.a(lib_a-fscanf.o)
 .glue_7t       0x02026820        0x0 /opt/devkitPro/devkitARM/lib/gcc/arm-eabi/4.3.3/../../../../arm-eabi/lib/thumb/libg.a(lib_a-fseek.o)
 .glue_7t       0x02026820        0x0 /opt/devkitPro/devkitARM/lib/gcc/arm-eabi/4.3.3/../../../../arm-eabi/lib/thumb/libg.a(lib_a-fwalk.o)
 .glue_7t       0x02026820        0x0 /opt/devkitPro/devkitARM/lib/gcc/arm-eabi/4.3.3/../../../../arm-eabi/lib/thumb/libg.a(lib_a-impure.o)
 .glue_7t       0x02026820        0x0 /opt/devkitPro/devkitARM/lib/gcc/arm-eabi/4.3.3/../../../../arm-eabi/lib/thumb/libg.a(lib_a-init.o)
 .glue_7t       0x02026820        0x0 /opt/devkitPro/devkitARM/lib/gcc/arm-eabi/4.3.3/../../../../arm-eabi/lib/thumb/libg.a(lib_a-iprintf.o)
 .glue_7t       0x02026820        0x0 /opt/devkitPro/devkitARM/lib/gcc/arm-eabi/4.3.3/../../../../arm-eabi/lib/thumb/libg.a(lib_a-lcltime_r.o)
 .glue_7t       0x02026820        0x0 /opt/devkitPro/devkitARM/lib/gcc/arm-eabi/4.3.3/../../../../arm-eabi/lib/thumb/libg.a(lib_a-locale.o)
 .glue_7t       0x02026820        0x0 /opt/devkitPro/devkitARM/lib/gcc/arm-eabi/4.3.3/../../../../arm-eabi/lib/thumb/libg.a(lib_a-makebuf.o)
 .glue_7t       0x02026820        0x0 /opt/devkitPro/devkitARM/lib/gcc/arm-eabi/4.3.3/../../../../arm-eabi/lib/thumb/libg.a(lib_a-malloc.o)
 .glue_7t       0x02026820        0x0 /opt/devkitPro/devkitARM/lib/gcc/arm-eabi/4.3.3/../../../../arm-eabi/lib/thumb/libg.a(lib_a-mallocr.o)
 .glue_7t       0x02026820        0x0 /opt/devkitPro/devkitARM/lib/gcc/arm-eabi/4.3.3/../../../../arm-eabi/lib/thumb/libg.a(lib_a-mbrtowc.o)
 .glue_7t       0x02026820        0x0 /opt/devkitPro/devkitARM/lib/gcc/arm-eabi/4.3.3/../../../../arm-eabi/lib/thumb/libg.a(lib_a-mbsrtowcs.o)
 .glue_7t       0x02026820        0x0 /opt/devkitPro/devkitARM/lib/gcc/arm-eabi/4.3.3/../../../../arm-eabi/lib/thumb/libg.a(lib_a-mbtowc_r.o)
 .glue_7t       0x02026820        0x0 /opt/devkitPro/devkitARM/lib/gcc/arm-eabi/4.3.3/../../../../arm-eabi/lib/thumb/libg.a(lib_a-memcmp.o)
 .glue_7t       0x02026820        0x0 /opt/devkitPro/devkitARM/lib/gcc/arm-eabi/4.3.3/../../../../arm-eabi/lib/thumb/libg.a(lib_a-memcpy.o)
 .glue_7t       0x02026820        0x0 /opt/devkitPro/devkitARM/lib/gcc/arm-eabi/4.3.3/../../../../arm-eabi/lib/thumb/libg.a(lib_a-memmove.o)
 .glue_7t       0x02026820        0x0 /opt/devkitPro/devkitARM/lib/gcc/arm-eabi/4.3.3/../../../../arm-eabi/lib/thumb/libg.a(lib_a-memset.o)
 .glue_7t       0x02026820        0x0 /opt/devkitPro/devkitARM/lib/gcc/arm-eabi/4.3.3/../../../../arm-eabi/lib/thumb/libg.a(lib_a-mktime.o)
 .glue_7t       0x02026820        0x0 /opt/devkitPro/devkitARM/lib/gcc/arm-eabi/4.3.3/../../../../arm-eabi/lib/thumb/libg.a(lib_a-mktm_r.o)
 .glue_7t       0x02026820        0x0 /opt/devkitPro/devkitARM/lib/gcc/arm-eabi/4.3.3/../../../../arm-eabi/lib/thumb/libg.a(lib_a-mlock.o)
 .glue_7t       0x02026820        0x0 /opt/devkitPro/devkitARM/lib/gcc/arm-eabi/4.3.3/../../../../arm-eabi/lib/thumb/libg.a(lib_a-printf.o)
 .glue_7t       0x02026820        0x0 /opt/devkitPro/devkitARM/lib/gcc/arm-eabi/4.3.3/../../../../arm-eabi/lib/thumb/libg.a(lib_a-realloc.o)
 .glue_7t       0x02026820        0x0 /opt/devkitPro/devkitARM/lib/gcc/arm-eabi/4.3.3/../../../../arm-eabi/lib/thumb/libg.a(lib_a-reallocr.o)
 .glue_7t       0x02026820        0x0 /opt/devkitPro/devkitARM/lib/gcc/arm-eabi/4.3.3/../../../../arm-eabi/lib/thumb/libg.a(lib_a-refill.o)
 .glue_7t       0x02026820        0x0 /opt/devkitPro/devkitARM/lib/gcc/arm-eabi/4.3.3/../../../../arm-eabi/lib/thumb/libg.a(lib_a-setvbuf.o)
 .glue_7t       0x02026820        0x0 /opt/devkitPro/devkitARM/lib/gcc/arm-eabi/4.3.3/../../../../arm-eabi/lib/thumb/libg.a(lib_a-siscanf.o)
 .glue_7t       0x02026820        0x0 /opt/devkitPro/devkitARM/lib/gcc/arm-eabi/4.3.3/../../../../arm-eabi/lib/thumb/libg.a(lib_a-stdio.o)
 .glue_7t       0x02026820        0x0 /opt/devkitPro/devkitARM/lib/gcc/arm-eabi/4.3.3/../../../../arm-eabi/lib/thumb/libg.a(lib_a-strchr.o)
 .glue_7t       0x02026820        0x0 /opt/devkitPro/devkitARM/lib/gcc/arm-eabi/4.3.3/../../../../arm-eabi/lib/thumb/libg.a(lib_a-strcmp.o)
 .glue_7t       0x02026820        0x0 /opt/devkitPro/devkitARM/lib/gcc/arm-eabi/4.3.3/../../../../arm-eabi/lib/thumb/libg.a(lib_a-strcpy.o)
 .glue_7t       0x02026820        0x0 /opt/devkitPro/devkitARM/lib/gcc/arm-eabi/4.3.3/../../../../arm-eabi/lib/thumb/libg.a(lib_a-strlen.o)
 .glue_7t       0x02026820        0x0 /opt/devkitPro/devkitARM/lib/gcc/arm-eabi/4.3.3/../../../../arm-eabi/lib/thumb/libg.a(lib_a-strncasecmp.o)